Component: ARM Compiler 5.06 update 7 (build 960) Tool: armlink [4d3601]

==============================================================================

Section Cross References

    startup_stm32h723xx.o(RESET) refers to startup_stm32h723xx.o(STACK) for __initial_sp
    startup_stm32h723xx.o(RESET) refers to startup_stm32h723xx.o(.text) for Reset_Handler
    startup_stm32h723xx.o(RESET) refers to stm32h7xx_it.o(i.NMI_Handler) for NMI_Handler
    startup_stm32h723xx.o(RESET) refers to stm32h7xx_it.o(i.HardFault_Handler) for HardFault_Handler
    startup_stm32h723xx.o(RESET) refers to stm32h7xx_it.o(i.MemManage_Handler) for MemManage_Handler
    startup_stm32h723xx.o(RESET) refers to stm32h7xx_it.o(i.BusFault_Handler) for BusFault_Handler
    startup_stm32h723xx.o(RESET) refers to stm32h7xx_it.o(i.UsageFault_Handler) for UsageFault_Handler
    startup_stm32h723xx.o(RESET) refers to port.o(.emb_text) for SVC_Handler
    startup_stm32h723xx.o(RESET) refers to stm32h7xx_it.o(i.DebugMon_Handler) for DebugMon_Handler
    startup_stm32h723xx.o(RESET) refers to port.o(i.SysTick_Handler) for SysTick_Handler
    startup_stm32h723xx.o(RESET) refers to stm32h7xx_it.o(i.DMA1_Stream0_IRQHandler) for DMA1_Stream0_IRQHandler
    startup_stm32h723xx.o(RESET) refers to stm32h7xx_it.o(i.DMA1_Stream1_IRQHandler) for DMA1_Stream1_IRQHandler
    startup_stm32h723xx.o(RESET) refers to stm32h7xx_it.o(i.DMA1_Stream2_IRQHandler) for DMA1_Stream2_IRQHandler
    startup_stm32h723xx.o(RESET) refers to stm32h7xx_it.o(i.DMA1_Stream3_IRQHandler) for DMA1_Stream3_IRQHandler
    startup_stm32h723xx.o(RESET) refers to stm32h7xx_it.o(i.DMA1_Stream5_IRQHandler) for DMA1_Stream5_IRQHandler
    startup_stm32h723xx.o(RESET) refers to stm32h7xx_it.o(i.FDCAN1_IT0_IRQHandler) for FDCAN1_IT0_IRQHandler
    startup_stm32h723xx.o(RESET) refers to stm32h7xx_it.o(i.FDCAN2_IT0_IRQHandler) for FDCAN2_IT0_IRQHandler
    startup_stm32h723xx.o(RESET) refers to stm32h7xx_it.o(i.TIM2_IRQHandler) for TIM2_IRQHandler
    startup_stm32h723xx.o(RESET) refers to stm32h7xx_it.o(i.SPI2_IRQHandler) for SPI2_IRQHandler
    startup_stm32h723xx.o(RESET) refers to stm32h7xx_it.o(i.USART1_IRQHandler) for USART1_IRQHandler
    startup_stm32h723xx.o(RESET) refers to stm32h7xx_it.o(i.DMA2_Stream1_IRQHandler) for DMA2_Stream1_IRQHandler
    startup_stm32h723xx.o(RESET) refers to stm32h7xx_it.o(i.OTG_HS_IRQHandler) for OTG_HS_IRQHandler
    startup_stm32h723xx.o(RESET) refers to stm32h7xx_it.o(i.UART7_IRQHandler) for UART7_IRQHandler
    startup_stm32h723xx.o(RESET) refers to stm32h7xx_it.o(i.USART10_IRQHandler) for USART10_IRQHandler
    startup_stm32h723xx.o(RESET) refers to stm32h7xx_it.o(i.FDCAN3_IT0_IRQHandler) for FDCAN3_IT0_IRQHandler
    startup_stm32h723xx.o(.text) refers to system_stm32h7xx.o(i.SystemInit) for SystemInit
    startup_stm32h723xx.o(.text) refers to entry.o(.ARM.Collect$$$$00000000) for __main
    main.o(i.HAL_TIM_PeriodElapsedCallback) refers to stm32h7xx_hal.o(i.HAL_IncTick) for HAL_IncTick
    main.o(i.MPU_Config) refers to stm32h7xx_hal_cortex.o(i.HAL_MPU_Disable) for HAL_MPU_Disable
    main.o(i.MPU_Config) refers to stm32h7xx_hal_cortex.o(i.HAL_MPU_ConfigRegion) for HAL_MPU_ConfigRegion
    main.o(i.MPU_Config) refers to stm32h7xx_hal_cortex.o(i.HAL_MPU_Enable) for HAL_MPU_Enable
    main.o(i.PeriphCommonClock_Config) refers to memseta.o(.text) for __aeabi_memclr4
    main.o(i.PeriphCommonClock_Config) refers to stm32h7xx_hal_rcc_ex.o(i.HAL_RCCEx_PeriphCLKConfig) for HAL_RCCEx_PeriphCLKConfig
    main.o(i.PeriphCommonClock_Config) refers to main.o(i.Error_Handler) for Error_Handler
    main.o(i.SystemClock_Config) refers to memseta.o(.text) for __aeabi_memclr4
    main.o(i.SystemClock_Config) refers to stm32h7xx_hal_pwr_ex.o(i.HAL_PWREx_ConfigSupply) for HAL_PWREx_ConfigSupply
    main.o(i.SystemClock_Config) refers to stm32h7xx_hal_rcc.o(i.HAL_RCC_OscConfig) for HAL_RCC_OscConfig
    main.o(i.SystemClock_Config) refers to main.o(i.Error_Handler) for Error_Handler
    main.o(i.SystemClock_Config) refers to stm32h7xx_hal_rcc.o(i.HAL_RCC_ClockConfig) for HAL_RCC_ClockConfig
    main.o(i.main) refers to main.o(i.MPU_Config) for MPU_Config
    main.o(i.main) refers to stm32h7xx_hal.o(i.HAL_Init) for HAL_Init
    main.o(i.main) refers to main.o(i.SystemClock_Config) for SystemClock_Config
    main.o(i.main) refers to main.o(i.PeriphCommonClock_Config) for PeriphCommonClock_Config
    main.o(i.main) refers to gpio.o(i.MX_GPIO_Init) for MX_GPIO_Init
    main.o(i.main) refers to dma.o(i.MX_DMA_Init) for MX_DMA_Init
    main.o(i.main) refers to spi.o(i.MX_SPI2_Init) for MX_SPI2_Init
    main.o(i.main) refers to fdcan.o(i.MX_FDCAN1_Init) for MX_FDCAN1_Init
    main.o(i.main) refers to fdcan.o(i.MX_FDCAN2_Init) for MX_FDCAN2_Init
    main.o(i.main) refers to tim.o(i.MX_TIM3_Init) for MX_TIM3_Init
    main.o(i.main) refers to fdcan.o(i.MX_FDCAN3_Init) for MX_FDCAN3_Init
    main.o(i.main) refers to usart.o(i.MX_UART7_Init) for MX_UART7_Init
[...]
    vPortEnterCritical                       0x08012041   Thumb Code    54  port.o(i.vPortEnterCritical)
    vPortExitCritical                        0x08012081   Thumb Code    38  port.o(i.vPortExitCritical)
    vPortFree                                0x080120ad   Thumb Code    94  heap_4.o(i.vPortFree)
    vPortSetupTimerInterrupt                 0x08012111   Thumb Code    32  port.o(i.vPortSetupTimerInterrupt)
    vTaskDelay                               0x08012135   Thumb Code    70  tasks.o(i.vTaskDelay)
    vTaskStartScheduler                      0x08012185   Thumb Code    86  tasks.o(i.vTaskStartScheduler)
    vTaskSuspendAll                          0x080121ed   Thumb Code    10  tasks.o(i.vTaskSuspendAll)
    vTaskSwitchContext                       0x080121fd   Thumb Code    86  tasks.o(i.vTaskSwitchContext)
    wheel_motor_init                         0x0801225d   Thumb Code     6  dm4310_drv.o(i.wheel_motor_init)
    xPortStartScheduler                      0x08012265   Thumb Code   222  port.o(i.xPortStartScheduler)
    xTaskCreate                              0x08012359   Thumb Code    96  tasks.o(i.xTaskCreate)
    xTaskIncrementTick                       0x080123b9   Thumb Code   198  tasks.o(i.xTaskIncrementTick)
    xTaskResumeAll                           0x08012489   Thumb Code   192  tasks.o(i.xTaskResumeAll)
    xvEstimateKF_Init                        0x08012555   Thumb Code    94  observe_task.o(i.xvEstimateKF_Init)
    xvEstimateKF_Update                      0x080125bd   Thumb Code    88  observe_task.o(i.xvEstimateKF_Update)
    UARTPrescTable                           0x08012744   Data          24  stm32h7xx_hal_uart.o(.constdata)
    D1CorePrescTable                         0x0801276c   Data          16  system_stm32h7xx.o(.constdata)
    vaEstimateKF_H                           0x080127b8   Data          16  observe_task.o(.constdata)
    sinTable_f32                             0x08012850   Data        2052  arm_common_tables.o(.rodata.sinTable_f32)
    Region$$Table$$Base                      0x08013054   Number         0  anon$$obj.o(Region$$Table)
    Region$$Table$$Limit                     0x08013074   Number         0  anon$$obj.o(Region$$Table)
    defaultTaskHandle                        0x24000000   Data           4  freertos.o(.data)
    INS_TASKHandle                           0x24000004   Data           4  freertos.o(.data)
    CHASSISR_TASKHandle                      0x24000008   Data           4  freertos.o(.data)
    CHASSISL_TASKHandle                      0x2400000c   Data           4  freertos.o(.data)
    OBSERVE_TASKHandle                       0x24000010   Data           4  freertos.o(.data)
    PS2_TASKHandle                           0x24000014   Data           4  freertos.o(.data)
    XboxTASKHandle                           0x24000018   Data           4  freertos.o(.data)
    POWERTASKHandle                          0x2400001c   Data           4  freertos.o(.data)
    VOFA_TASKHandle                          0x24000020   Data           4  freertos.o(.data)
    ROS_TASKHandle                           0x24000024   Data           4  freertos.o(.data)
    uwTickFreq                               0x2400002c   Data           1  stm32h7xx_hal.o(.data)
    uwTickPrio                               0x24000030   Data           4  stm32h7xx_hal.o(.data)
    uwTick                                   0x24000034   Data           4  stm32h7xx_hal.o(.data)
    SystemCoreClock                          0x24000038   Data           4  system_stm32h7xx.o(.data)
    SystemD2Clock                            0x2400003c   Data           4  system_stm32h7xx.o(.data)
    caliOffset                               0x24000043   Data           1  bmi088driver.o(.data)
    caliCount                                0x24000044   Data           2  bmi088driver.o(.data)
    BMI088_ACCEL_SEN                         0x2400004c   Data           4  bmi088driver.o(.data)
    BMI088_GYRO_SEN                          0x24000050   Data           4  bmi088driver.o(.data)
    gNormDiff                                0x24000058   Data           4  bmi088driver.o(.data)
    BMI088_SPI                               0x24000088   Data           4  bmi088middleware.o(.data)
    SWMotorList                              0x24000090   Data         224  gim6010_drv.o(.data)
    aver_fnr                                 0x24000170   Data           4  vmc_calc.o(.data)
    aver_fnl                                 0x24000174   Data           4  vmc_calc.o(.data)
    sizeof_float                             0x24000188   Data           2  kalman_filter.o(.data)
    sizeof_double                            0x2400018a   Data           2  kalman_filter.o(.data)
    pxCurrentTCB                             0x2400018c   Data           4  tasks.o(.data)
    attitude_flag                            0x240001f4   Data           1  ins_task.o(.data)
    INS_DWT_Count                            0x240001f8   Data           4  ins_task.o(.data)
    ins_dt                                   0x240001fc   Data           4  ins_task.o(.data)
    correct_times                            0x24000200   Data           4  ins_task.o(.data)
    ins_time                                 0x24000204   Data           4  ins_task.o(.data)
    stop_time                                0x24000208   Data           4  ins_task.o(.data)
    gravity                                  0x2400020c   Data          12  ins_task.o(.data)
    left_flag                                0x24000218   Data           1  chassisl_task.o(.data)
    CHASSL_TIME                              0x2400021c   Data           4  chassisl_task.o(.data)
    jump_time2                               0x24000220   Data           4  chassisl_task.o(.data)
    LQR_K_L                                  0x24000224   Data          48  chassisl_task.o(.data)
    right_flag                               0x24000254   Data           1  chassisr_task.o(.data)
    CHASSR_TIME                              0x24000258   Data           4  chassisr_task.o(.data)
    mg                                       0x2400025c   Data           4  chassisr_task.o(.data)
    jump_time                                0x24000264   Data           4  chassisr_task.o(.data)
    LQR_K_R                                  0x24000268   Data          48  chassisr_task.o(.data)
    Poly_Coefficient                         0x24000298   Data         192  chassisr_task.o(.data)
    OBSERVE_TIME                             0x24000358   Data           4  observe_task.o(.data)
    vel_acc                                  0x24000370   Data           8  observe_task.o(.data)
    vaEstimateKF_F                           0x24000378   Data          16  observe_task.o(.data)
    vaEstimateKF_P                           0x24000388   Data          16  observe_task.o(.data)
    vaEstimateKF_Q                           0x24000398   Data          16  observe_task.o(.data)
    vaEstimateKF_R                           0x240003a8   Data          16  observe_task.o(.data)
    buff_len                                 0x240003b8   Data           1  xbox_task.o(.data)
    rx_data_byte                             0x240003b9   Data           1  xbox_task.o(.data)
    receiveSuccess                           0x240003ba   Data           1  xbox_task.o(.data)
    last_time                                0x240003c0   Data           4  xbox_task.o(.data)
    cur_time                                 0x240003c4   Data           4  xbox_task.o(.data)
    enable_low_power                         0x240003e0   Data           1  power_task.o(.data)
    offset                                   0x240003e4   Data           4  power_task.o(.data)
    motor1_cnt                               0x24000404   Data           4  vofa_task.o(.data)
    motor2_cnt                               0x24000408   Data           4  vofa_task.o(.data)
    motor3_cnt                               0x2400040c   Data           4  vofa_task.o(.data)
    motor4_cnt                               0x24000410   Data           4  vofa_task.o(.data)
    ros2_active                              0x24000415   Data           1  ros2_task.o(.data)
    SysTime                                  0x24000450   Data           8  bsp_dwt.o(.data)
    CYCCNT64                                 0x24000458   Data           8  bsp_dwt.o(.data)
    HS_Desc                                  0x24000460   Data          32  usbd_desc.o(.data)
    USBD_LangIDDesc                          0x24000480   Data           4  usbd_desc.o(.data)
    USBD_HS_DeviceDesc                       0x24000484   Data          18  usbd_desc.o(.data)
    USBD_HS_BOSDesc                          0x24000498   Data          12  usbd_desc.o(.data)
    USBD_StringSerial                        0x240004a4   Data          26  usbd_desc.o(.data)
    ros2_cdc_rx_ready                        0x240004c0   Data           1  usbd_cdc_if.o(.data)
    ros2_cdc_rx_len                          0x240004c4   Data           4  usbd_cdc_if.o(.data)
    USBD_Interface_fops_HS                   0x240004c8   Data          20  usbd_cdc_if.o(.data)
    USBD_CDC                                 0x24000534   Data          56  usbd_cdc.o(.data)
    __microlib_freelist                      0x2400056c   Data           4  mvars.o(.data)
    __microlib_freelist_initialised          0x24000570   Data           4  mvars.o(.data)
    hadc1                                    0x24000578   Data         112  adc.o(.bss)
    hdma_adc1                                0x240005e8   Data         120  adc.o(.bss)
    hfdcan1                                  0x24000660   Data         160  fdcan.o(.bss)
    hfdcan2                                  0x24000700   Data         160  fdcan.o(.bss)
    hfdcan3                                  0x240007a0   Data         160  fdcan.o(.bss)
    hspi2                                    0x24000840   Data         136  spi.o(.bss)
    hdma_spi2_rx                             0x240008c8   Data         120  spi.o(.bss)
    hdma_spi2_tx                             0x24000940   Data         120  spi.o(.bss)
    htim3                                    0x240009b8   Data          76  tim.o(.bss)
    htim12                                   0x24000a04   Data          76  tim.o(.bss)
    huart7                                   0x24000a50   Data         148  usart.o(.bss)
    huart1                                   0x24000ae4   Data         148  usart.o(.bss)
    huart10                                  0x24000b78   Data         148  usart.o(.bss)
    hdma_usart1_rx                           0x24000c0c   Data         120  usart.o(.bss)
    hdma_usart1_tx                           0x24000c84   Data         120  usart.o(.bss)
    hdma_usart10_tx                          0x24000cfc   Data         120  usart.o(.bss)
    htim2                                    0x24000d74   Data          76  stm32h7xx_hal_timebase_tim.o(.bss)
    gyroDiff                                 0x24000dc0   Data          12  bmi088driver.o(.bss)
    BMI088                                   0x24000dcc   Data          64  bmi088driver.o(.bss)
    averr                                    0x24000e0c   Data          16  vmc_calc.o(.bss)
    averl                                    0x24000e1c   Data          16  vmc_calc.o(.bss)
    gyro_correct                             0x2400871c   Data          12  ins_task.o(.bss)
    INS                                      0x24008728   Data         148  ins_task.o(.bss)
    mahony                                   0x240087bc   Data         132  ins_task.o(.bss)
    Gyro                                     0x24008840   Data          12  ins_task.o(.bss)
    Accel                                    0x2400884c   Data          12  ins_task.o(.bss)
    left                                     0x24008858   Data         176  chassisl_task.o(.bss)
    LegL_Pid                                 0x24008908   Data          72  chassisl_task.o(.bss)
    right                                    0x24008950   Data         176  chassisr_task.o(.bss)
    chassis_move                             0x24008a00   Data         440  chassisr_task.o(.bss)
    LegR_Pid                                 0x24008bb8   Data          72  chassisr_task.o(.bss)
    Tp_Pid                                   0x24008c00   Data          72  chassisr_task.o(.bss)
    Turn_Pid                                 0x24008c48   Data          72  chassisr_task.o(.bss)
    Roll_Pid                                 0x24008c90   Data          72  chassisr_task.o(.bss)
    vaEstimateKF                             0x24008cd8   Data         320  observe_task.o(.bss)
    xboxController                           0x24008e18   Data          36  xbox_task.o(.bss)
    xbox_buff                                0x24008e3c   Data          36  xbox_task.o(.bss)
    RxHeader1                                0x2400921c   Data          40  can_bsp.o(.bss)
    g_Can1RxData                             0x24009244   Data          64  can_bsp.o(.bss)
    RxHeader2                                0x24009284   Data          40  can_bsp.o(.bss)
    g_Can2RxData                             0x240092ac   Data          64  can_bsp.o(.bss)
    hUsbDeviceHS                             0x240092ec   Data         732  usb_device.o(.bss)
    USBD_StrDesc                             0x240095c8   Data         512  usbd_desc.o(.bss)
    UserRxBufferHS                           0x240097c8   Data        2048  usbd_cdc_if.o(.bss)
    UserTxBufferHS                           0x24009fc8   Data        2048  usbd_cdc_if.o(.bss)
    hpcd_USB_OTG_HS                          0x2400a9e8   Data        1252  usbd_conf.o(.bss)
    __heap_base                              0x2400aed0   Data           0  startup_stm32h723xx.o(HEAP)
    __heap_limit                             0x2400b0d0   Data           0  startup_stm32h723xx.o(HEAP)
    __initial_sp                             0x2400b8d0   Data           0  startup_stm32h723xx.o(STACK)



==============================================================================

Memory Map of the image

  Image Entry point : 0x080002cd

  Load Region LR_IROM1 (Base: 0x08000000, Size: 0x000135ec, Max: 0x00100000, ABSOLUTE, COMPRESSED[0x000132d0])

    Execution Region ER_IROM1 (Exec base: 0x08000000, Load base: 0x08000000, Size: 0x00013074, Max: 0x00100000, ABSOLUTE)

    Exec Addr    Load Addr    Size         Type   Attr      Idx    E Section Name        Object

    0x08000000   0x08000000   0x000002cc   Data   RO            3    RESET               startup_stm32h723xx.o
    0x080002cc   0x080002cc   0x00000000   Code   RO        11548  * .ARM.Collect$$$$00000000  mc_w.l(entry.o)
    0x080002cc   0x080002cc   0x00000004   Code   RO        11610    .ARM.Collect$$$$00000001  mc_w.l(entry2.o)
    0x080002d0   0x080002d0   0x00000004   Code   RO        11613    .ARM.Collect$$$$00000004  mc_w.l(entry5.o)
    0x080002d4   0x080002d4   0x00000000   Code   RO        11615    .ARM.Collect$$$$00000008  mc_w.l(entry7b.o)
    0x080002d4   0x080002d4   0x00000000   Code   RO        11617    .ARM.Collect$$$$0000000A  mc_w.l(entry8b.o)
    0x080002d4   0x080002d4   0x00000008   Code   RO        11618    .ARM.Collect$$$$0000000B  mc_w.l(entry9a.o)
    0x080002dc   0x080002dc   0x00000004   Code   RO        11625    .ARM.Collect$$$$0000000E  mc_w.l(entry12b.o)
    0x080002e0   0x080002e0   0x00000000   Code   RO        11620    .ARM.Collect$$$$0000000F  mc_w.l(entry10a.o)
    0x080002e0   0x080002e0   0x00000000   Code   RO        11622    .ARM.Collect$$$$00000011  mc_w.l(entry11a.o)
    0x080002e0   0x080002e0   0x00000004   Code   RO        11611    .ARM.Collect$$$$00002712  mc_w.l(entry2.o)
    0x080002e4   0x080002e4   0x000000be   Code   RO         9283    .emb_text           port.o
    0x080003a2   0x080003a2   0x00000002   PAD
    0x080003a4   0x080003a4   0x00000024   Code   RO            4    .text               startup_stm32h723xx.o
    0x080003c8   0x080003c8   0x00000062   Code   RO        11551    .text               mc_w.l(uldiv.o)
    0x0800042a   0x0800042a   0x00000024   Code   RO        11553    .text               mc_w.l(memcpya.o)
    0x0800044e   0x0800044e   0x00000024   Code   RO        11557    .text               mc_w.l(memseta.o)
    0x08000472   0x08000472   0x0000000e   Code   RO        11559    .text               mc_w.l(strlen.o)
    0x08000480   0x08000480   0x0000001e   Code   RO        11626    .text               mc_w.l(llshl.o)
    0x0800049e   0x0800049e   0x00000020   Code   RO        11628    .text               mc_w.l(llushr.o)
    0x080004be   0x080004be   0x00000000   Code   RO        11639    .text               mc_w.l(iusefp.o)
    0x080004be   0x080004be   0x00000002   PAD
    0x080004c0   0x080004c0   0x00000024   Code   RO        11640    .text               mc_w.l(init.o)
    0x080004e4   0x080004e4   0x00000056   Code   RO        11650    .text               mc_w.l(__dczerorl2.o)
    0x0800053a   0x0800053a   0x00000002   PAD
    0x0800053c   0x0800053c   0x00000090   Code   RO        11291    .text.arm_cos_f32   arm_cortexM7lfdp_math.lib(arm_cos_f32.o)
    0x080005cc   0x080005cc   0x000000be   Code   RO        11311    .text.arm_mat_add_f32  arm_cortexM7lfdp_math.lib(arm_mat_add_f32.o)
    0x0800068a   0x0800068a   0x00000008   Code   RO        11321    .text.arm_mat_init_f32  arm_cortexM7lfdp_math.lib(arm_mat_init_f32.o)
    0x08000692   0x08000692   0x00000002   PAD
    0x08000694   0x08000694   0x000002cc   Code   RO        11330    .text.arm_mat_inverse_f32  arm_cortexM7lfdp_math.lib(arm_mat_inverse_f32.o)
    0x08000960   0x08000960   0x00000130   Code   RO        11340    .text.arm_mat_mult_f32  arm_cortexM7lfdp_math.lib(arm_mat_mult_f32.o)
    0x08000a90   0x08000a90   0x000000be   Code   RO        11350    .text.arm_mat_sub_f32  arm_cortexM7lfdp_math.lib(arm_mat_sub_f32.o)
    0x08000b4e   0x08000b4e   0x00000002   PAD
    0x08000b50   0x08000b50   0x000000b4   Code   RO        11360    .text.arm_mat_trans_f32  arm_cortexM7lfdp_math.lib(arm_mat_trans_f32.o)
    0x08000c04   0x08000c04   0x0000008c   Code   RO        11301    .text.arm_sin_f32   arm_cortexM7lfdp_math.lib(arm_sin_f32.o)
    0x08000c90   0x08000c90   0x000000f8   Code   RO         5168    i.ADC_ConfigureBoostMode  stm32h7xx_hal_adc.o
    0x08000d88   0x08000d88   0x0000007e   Code   RO         5170    i.ADC_DMAConvCplt   stm32h7xx_hal_adc.o
    0x08000e06   0x08000e06   0x0000001a   Code   RO         5171    i.ADC_DMAError      stm32h7xx_hal_adc.o
    0x08000e20   0x08000e20   0x0000000a   Code   RO         5172    i.ADC_DMAHalfConvCplt  stm32h7xx_hal_adc.o
    0x08000e2a   0x08000e2a   0x00000002   PAD
    0x08000e2c   0x08000e2c   0x000000c0   Code   RO         5174    i.ADC_Enable        stm32h7xx_hal_adc.o
    0x08000eec   0x08000eec   0x00000010   Code   RO         7262    i.BMI088_ACCEL_NS_H  bmi088middleware.o
    0x08000efc   0x08000efc   0x00000010   Code   RO         7263    i.BMI088_ACCEL_NS_L  bmi088middleware.o
    0x08000f0c   0x08000f0c   0x00000010   Code   RO         7264    i.BMI088_GYRO_NS_H  bmi088middleware.o
    0x08000f1c   0x08000f1c   0x00000010   Code   RO         7265    i.BMI088_GYRO_NS_L  bmi088middleware.o
    0x08000f2c   0x08000f2c   0x00000228   Code   RO         7172    i.BMI088_Read       bmi088driver.o
    0x08001154   0x08001154   0x000000ac   Code   RO         7173    i.BMI088_init       bmi088driver.o
    0x08001200   0x08001200   0x00000024   Code   RO         7174    i.BMI088_read_muli_reg  bmi088driver.o
    0x08001224   0x08001224   0x00000016   Code   RO         7175    i.BMI088_read_single_reg  bmi088driver.o
    0x0800123a   0x0800123a   0x00000002   PAD
    0x0800123c   0x0800123c   0x00000024   Code   RO         7266    i.BMI088_read_write_byte  bmi088middleware.o
    0x08001260   0x08001260   0x00000012   Code   RO         7176    i.BMI088_write_single_reg  bmi088driver.o
    0x08001272   0x08001272   0x000000ea   Code   RO         9363    i.BodyFrameToEarthFrame  ins_task.o
    0x0800135c   0x0800135c   0x00000002   Code   RO          793    i.BusFault_Handler  stm32h7xx_it.o
    0x0800135e   0x0800135e   0x00000008   Code   RO        10573    i.CDC_Control_HS    usbd_cdc_if.o
    0x08001366   0x08001366   0x00000004   Code   RO        10574    i.CDC_DeInit_HS     usbd_cdc_if.o
    0x0800136a   0x0800136a   0x00000002   PAD
    0x0800136c   0x0800136c   0x00000024   Code   RO        10575    i.CDC_Init_HS       usbd_cdc_if.o
    0x08001390   0x08001390   0x00000028   Code   RO        10576    i.CDC_Receive_HS    usbd_cdc_if.o
    0x080013b8   0x080013b8   0x00000004   Code   RO        10577    i.CDC_TransmitCplt_HS  usbd_cdc_if.o
    0x080013bc   0x080013bc   0x0000002c   Code   RO        10578    i.CDC_Transmit_HS   usbd_cdc_if.o
    0x080013e8   0x080013e8   0x0000003c   Code   RO        10065    i.CRC16_CCITT       ros2_task.o
    0x08001424   0x08001424   0x000004ec   Code   RO         7177    i.Calibrate_MPU_Offset  bmi088driver.o
    0x08001910   0x08001910   0x0000000e   Code   RO          355    i.ChassisL_Task     freertos.o
    0x0800191e   0x0800191e   0x00000002   PAD
    0x08001920   0x08001920   0x00000044   Code   RO         9431    i.ChassisL_init     chassisl_task.o
    0x08001964   0x08001964   0x00000128   Code   RO         9432    i.ChassisL_task     chassisl_task.o
    0x08001a8c   0x08001a8c   0x0000000e   Code   RO          356    i.ChassisR_Task     freertos.o
    0x08001a9a   0x08001a9a   0x00000002   PAD
    0x08001a9c   0x08001a9c   0x00000044   Code   RO         9497    i.ChassisR_init     chassisr_task.o
    0x08001ae0   0x08001ae0   0x00000138   Code   RO         9498    i.ChassisR_task     chassisr_task.o
    0x08001c18   0x08001c18   0x00000048   Code   RO         9933    i.CheckLowPower     power_task.o
    0x08001c60   0x08001c60   0x0000000c   Code   RO          794    i.DMA1_Stream0_IRQHandler  stm32h7xx_it.o
    0x08001c6c   0x08001c6c   0x0000000c   Code   RO          795    i.DMA1_Stream1_IRQHandler  stm32h7xx_it.o
    0x08001c78   0x08001c78   0x0000000c   Code   RO          796    i.DMA1_Stream2_IRQHandler  stm32h7xx_it.o
    0x08001c84   0x08001c84   0x0000000c   Code   RO          797    i.DMA1_Stream3_IRQHandler  stm32h7xx_it.o
    0x08001c90   0x08001c90   0x0000000c   Code   RO          798    i.DMA1_Stream5_IRQHandler  stm32h7xx_it.o
    0x08001c9c   0x08001c9c   0x0000000c   Code   RO          799    i.DMA2_Stream1_IRQHandler  stm32h7xx_it.o
    0x08001ca8   0x08001ca8   0x000000c0   Code   RO         3374    i.DMA_CalcBaseAndBitshift  stm32h7xx_hal_dma.o
    0x08001d68   0x08001d68   0x000000a0   Code   RO         3375    i.DMA_CalcDMAMUXChannelBaseAndMask  stm32h7xx_hal_dma.o
    0x08001e08   0x08001e08   0x0000007c   Code   RO         3376    i.DMA_CalcDMAMUXRequestGenBaseAndMask  stm32h7xx_hal_dma.o
    0x08001e84   0x08001e84   0x00000078   Code   RO         3377    i.DMA_CheckFifoParam  stm32h7xx_hal_dma.o
    0x08001efc   0x08001efc   0x0000023c   Code   RO         3378    i.DMA_SetConfig     stm32h7xx_hal_dma.o
    0x08002138   0x08002138   0x00000028   Code   RO        10147    i.DWT_CNT_Update    bsp_dwt.o
    0x08002160   0x08002160   0x00000034   Code   RO        10148    i.DWT_Delay         bsp_dwt.o
    0x08002194   0x08002194   0x00000048   Code   RO        10149    i.DWT_GetDeltaT     bsp_dwt.o
    0x080021dc   0x080021dc   0x00000044   Code   RO        10152    i.DWT_GetTimeline_s  bsp_dwt.o
    0x08002220   0x08002220   0x00000048   Code   RO        10154    i.DWT_Init          bsp_dwt.o
    0x08002268   0x08002268   0x00000090   Code   RO        10155    i.DWT_SysTimeUpdate  bsp_dwt.o
    0x080022f8   0x080022f8   0x00000002   Code   RO          800    i.DebugMon_Handler  stm32h7xx_it.o
    0x080022fa   0x080022fa   0x000000ea   Code   RO         9364    i.EarthFrameToBodyFrame  ins_task.o
    0x080023e4   0x080023e4   0x00000004   Code   RO           13    i.Error_Handler     main.o
    0x080023e8   0x080023e8   0x00000060   Code   RO        10224    i.FDCAN1_Config     can_bsp.o
    0x08002448   0x08002448   0x0000000c   Code   RO          801    i.FDCAN1_IT0_IRQHandler  stm32h7xx_it.o
    0x08002454   0x08002454   0x00000060   Code   RO        10225    i.FDCAN2_Config     can_bsp.o
    0x080024b4   0x080024b4   0x0000000c   Code   RO          802    i.FDCAN2_IT0_IRQHandler  stm32h7xx_it.o
    0x080024c0   0x080024c0   0x0000000c   Code   RO          803    i.FDCAN3_IT0_IRQHandler  stm32h7xx_it.o
    0x080024cc   0x080024cc   0x000001b0   Code   RO         5634    i.FDCAN_CalcultateRamBlockAddresses  stm32h7xx_hal_fdcan.o
    0x0800267c   0x0800267c   0x00000074   Code   RO         5635    i.FDCAN_CopyMessageToRAM  stm32h7xx_hal_fdcan.o
    0x080026f0   0x080026f0   0x0000001c   Code   RO         7451    i.GIM6010_fbdata    gim6010_drv.o
    0x0800270c   0x0800270c   0x00000060   Code   RO         9934    i.GetBatteryVoltage  power_task.o
    0x0800276c   0x0800276c   0x00000038   Code   RO        10476    i.Get_SerialNum     usbd_desc.o
    0x080027a4   0x080027a4   0x00000128   Code   RO         5420    i.HAL_ADCEx_MultiModeConfigChannel  stm32h7xx_hal_adc_ex.o
    0x080028cc   0x080028cc   0x000006cc   Code   RO         5176    i.HAL_ADC_ConfigChannel  stm32h7xx_hal_adc.o
    0x08002f98   0x08002f98   0x00000002   Code   RO         5177    i.HAL_ADC_ConvCpltCallback  stm32h7xx_hal_adc.o
    0x08002f9a   0x08002f9a   0x00000002   Code   RO         5178    i.HAL_ADC_ConvHalfCpltCallback  stm32h7xx_hal_adc.o
    0x08002f9c   0x08002f9c   0x00000002   Code   RO         5180    i.HAL_ADC_ErrorCallback  stm32h7xx_hal_adc.o
    0x08002f9e   0x08002f9e   0x00000002   PAD
    0x08002fa0   0x08002fa0   0x000002a8   Code   RO         5185    i.HAL_ADC_Init      stm32h7xx_hal_adc.o
    0x08003248   0x08003248   0x0000009c   Code   RO          523    i.HAL_ADC_MspInit   adc.o
    0x080032e4   0x080032e4   0x00000130   Code   RO         5192    i.HAL_ADC_Start_DMA  stm32h7xx_hal_adc.o
    0x08003414   0x08003414   0x0000037c   Code   RO         3379    i.HAL_DMA_Abort     stm32h7xx_hal_dma.o
    0x08003790   0x08003790   0x000002b0   Code   RO         3380    i.HAL_DMA_Abort_IT  stm32h7xx_hal_dma.o
    0x08003a40   0x08003a40   0x000007a8   Code   RO         3384    i.HAL_DMA_IRQHandler  stm32h7xx_hal_dma.o
    0x080041e8   0x080041e8   0x000003f0   Code   RO         3385    i.HAL_DMA_Init      stm32h7xx_hal_dma.o
    0x080045d8   0x080045d8   0x000002ec   Code   RO         3389    i.HAL_DMA_Start_IT  stm32h7xx_hal_dma.o
    0x080048c4   0x080048c4   0x00000024   Code   RO         4229    i.HAL_Delay         stm32h7xx_hal.o
    0x080048e8   0x080048e8   0x00000084   Code   RO         5637    i.HAL_FDCAN_ActivateNotification  stm32h7xx_hal_fdcan.o
    0x0800496c   0x0800496c   0x0000006c   Code   RO         5639    i.HAL_FDCAN_AddMessageToTxFifoQ  stm32h7xx_hal_fdcan.o
    0x080049d8   0x080049d8   0x00000002   Code   RO         5640    i.HAL_FDCAN_ClockCalibrationCallback  stm32h7xx_hal_fdcan.o
    0x080049da   0x080049da   0x00000088   Code   RO         5644    i.HAL_FDCAN_ConfigFilter  stm32h7xx_hal_fdcan.o
    0x08004a62   0x08004a62   0x00000030   Code   RO         5645    i.HAL_FDCAN_ConfigGlobalFilter  stm32h7xx_hal_fdcan.o
    0x08004a92   0x08004a92   0x00000002   Code   RO         5666    i.HAL_FDCAN_ErrorCallback  stm32h7xx_hal_fdcan.o
    0x08004a94   0x08004a94   0x00000002   Code   RO         5667    i.HAL_FDCAN_ErrorStatusCallback  stm32h7xx_hal_fdcan.o
    0x08004a96   0x08004a96   0x00000002   PAD
    0x08004a98   0x08004a98   0x000001a8   Code   RO         5678    i.HAL_FDCAN_GetRxMessage  stm32h7xx_hal_fdcan.o
    0x08004c40   0x08004c40   0x00000002   Code   RO         5684    i.HAL_FDCAN_HighPriorityMessageCallback  stm32h7xx_hal_fdcan.o
    0x08004c42   0x08004c42   0x00000002   PAD
    0x08004c44   0x08004c44   0x000002ec   Code   RO         5685    i.HAL_FDCAN_IRQHandler  stm32h7xx_hal_fdcan.o
    0x08004f30   0x08004f30   0x00000268   Code   RO         5686    i.HAL_FDCAN_Init    stm32h7xx_hal_fdcan.o
    0x08005198   0x08005198   0x00000148   Code   RO          589    i.HAL_FDCAN_MspInit  fdcan.o
    0x080052e0   0x080052e0   0x00000002   Code   RO         5695    i.HAL_FDCAN_RxBufferNewMessageCallback  stm32h7xx_hal_fdcan.o
    0x080052e2   0x080052e2   0x00000002   PAD
    0x080052e4   0x080052e4   0x00000040   Code   RO        10226    i.HAL_FDCAN_RxFifo0Callback  can_bsp.o
    0x08005324   0x08005324   0x00000058   Code   RO        10227    i.HAL_FDCAN_RxFifo1Callback  can_bsp.o
    0x0800537c   0x0800537c   0x00000030   Code   RO         5698    i.HAL_FDCAN_Start   stm32h7xx_hal_fdcan.o
    0x080053ac   0x080053ac   0x00000002   Code   RO         5720    i.HAL_FDCAN_TT_GlobalTimeCallback  stm32h7xx_hal_fdcan.o
    0x080053ae   0x080053ae   0x00000002   Code   RO         5721    i.HAL_FDCAN_TT_ScheduleSyncCallback  stm32h7xx_hal_fdcan.o
    0x080053b0   0x080053b0   0x00000002   Code   RO         5726    i.HAL_FDCAN_TT_StopWatchCallback  stm32h7xx_hal_fdcan.o
    0x080053b2   0x080053b2   0x00000002   Code   RO         5727    i.HAL_FDCAN_TT_TimeMarkCallback  stm32h7xx_hal_fdcan.o
    0x080053b4   0x080053b4   0x00000002   Code   RO         5728    i.HAL_FDCAN_TimeoutOccurredCallback  stm32h7xx_hal_fdcan.o
    0x080053b6   0x080053b6   0x00000002   Code   RO         5729    i.HAL_FDCAN_TimestampWraparoundCallback  stm32h7xx_hal_fdcan.o
    0x080053b8   0x080053b8   0x00000002   Code   RO         5730    i.HAL_FDCAN_TxBufferAbortCallback  stm32h7xx_hal_fdcan.o
    0x080053ba   0x080053ba   0x00000002   Code   RO         5731    i.HAL_FDCAN_TxBufferCompleteCallback  stm32h7xx_hal_fdcan.o
    0x080053bc   0x080053bc   0x00000002   Code   RO         5732    i.HAL_FDCAN_TxEventFifoCallback  stm32h7xx_hal_fdcan.o
    0x080053be   0x080053be   0x00000002   Code   RO         5733    i.HAL_FDCAN_TxFifoEmptyCallback  stm32h7xx_hal_fdcan.o
    0x080053c0   0x080053c0   0x00000214   Code   RO         3227    i.HAL_GPIO_Init     stm32h7xx_hal_gpio.o
    0x080055d4   0x080055d4   0x0000000e   Code   RO         3231    i.HAL_GPIO_WritePin  stm32h7xx_hal_gpio.o
    0x080055e2   0x080055e2   0x00000002   PAD
    0x080055e4   0x080055e4   0x0000000c   Code   RO         4245    i.HAL_GetTick       stm32h7xx_hal.o
    0x080055f0   0x080055f0   0x00000010   Code   RO         4251    i.HAL_IncTick       stm32h7xx_hal.o
    0x08005600   0x08005600   0x0000005c   Code   RO         4252    i.HAL_Init          stm32h7xx_hal.o
    0x0800565c   0x0800565c   0x00000090   Code   RO          965    i.HAL_InitTick      stm32h7xx_hal_timebase_tim.o
    0x080056ec   0x080056ec   0x00000054   Code   RO         4070    i.HAL_MPU_ConfigRegion  stm32h7xx_hal_cortex.o
    0x08005740   0x08005740   0x0000001c   Code   RO         4071    i.HAL_MPU_Disable   stm32h7xx_hal_cortex.o
    0x0800575c   0x0800575c   0x00000024   Code   RO         4073    i.HAL_MPU_Enable    stm32h7xx_hal_cortex.o
    0x08005780   0x08005780   0x00000024   Code   RO          941    i.HAL_MspInit       stm32h7xx_hal_msp.o
    0x080057a4   0x080057a4   0x0000001a   Code   RO         4077    i.HAL_NVIC_EnableIRQ  stm32h7xx_hal_cortex.o
    0x080057be   0x080057be   0x00000002   PAD
    0x080057c0   0x080057c0   0x00000040   Code   RO         4083    i.HAL_NVIC_SetPriority  stm32h7xx_hal_cortex.o
    0x08005800   0x08005800   0x00000024   Code   RO         4084    i.HAL_NVIC_SetPriorityGrouping  stm32h7xx_hal_cortex.o
    0x08005824   0x08005824   0x00000028   Code   RO         2272    i.HAL_PCDEx_ActivateLPM  stm32h7xx_hal_pcd_ex.o
    0x0800584c   0x0800584c   0x00000002   Code   RO         2277    i.HAL_PCDEx_LPM_Callback  stm32h7xx_hal_pcd_ex.o
    0x0800584e   0x0800584e   0x00000008   Code   RO         2278    i.HAL_PCDEx_SetRxFiFo  stm32h7xx_hal_pcd_ex.o
    0x08005856   0x08005856   0x00000042   Code   RO         2279    i.HAL_PCDEx_SetTxFiFo  stm32h7xx_hal_pcd_ex.o
    0x08005898   0x08005898   0x00000008   Code   RO        10635    i.HAL_PCD_ConnectCallback  usbd_conf.o
    0x080058a0   0x080058a0   0x00000012   Code   RO        10636    i.HAL_PCD_DataInStageCallback  usbd_conf.o
    0x080058b2   0x080058b2   0x00000014   Code   RO        10637    i.HAL_PCD_DataOutStageCallback  usbd_conf.o
    0x080058c6   0x080058c6   0x00000008   Code   RO        10638    i.HAL_PCD_DisconnectCallback  usbd_conf.o
    0x080058ce   0x080058ce   0x0000001e   Code   RO         2043    i.HAL_PCD_EP_Abort  stm32h7xx_hal_pcd.o
    0x080058ec   0x080058ec   0x00000048   Code   RO         2044    i.HAL_PCD_EP_Close  stm32h7xx_hal_pcd.o
    0x08005934   0x08005934   0x00000058   Code   RO         2045    i.HAL_PCD_EP_ClrStall  stm32h7xx_hal_pcd.o
    0x0800598c   0x0800598c   0x00000012   Code   RO         2047    i.HAL_PCD_EP_GetRxCount  stm32h7xx_hal_pcd.o
    0x0800599e   0x0800599e   0x00000060   Code   RO         2048    i.HAL_PCD_EP_Open   stm32h7xx_hal_pcd.o
    0x080059fe   0x080059fe   0x00000032   Code   RO         2049    i.HAL_PCD_EP_Receive  stm32h7xx_hal_pcd.o
    0x08005a30   0x08005a30   0x00000070   Code   RO         2050    i.HAL_PCD_EP_SetStall  stm32h7xx_hal_pcd.o
    0x08005aa0   0x08005aa0   0x00000032   Code   RO         2051    i.HAL_PCD_EP_Transmit  stm32h7xx_hal_pcd.o
    0x08005ad2   0x08005ad2   0x00000542   Code   RO         2053    i.HAL_PCD_IRQHandler  stm32h7xx_hal_pcd.o
    0x08006014   0x08006014   0x00000008   Code   RO        10639    i.HAL_PCD_ISOINIncompleteCallback  usbd_conf.o
    0x0800601c   0x0800601c   0x00000008   Code   RO        10640    i.HAL_PCD_ISOOUTIncompleteCallback  usbd_conf.o
    0x08006024   0x08006024   0x000000d8   Code   RO         2056    i.HAL_PCD_Init      stm32h7xx_hal_pcd.o
    0x080060fc   0x080060fc   0x00000064   Code   RO        10642    i.HAL_PCD_MspInit   usbd_conf.o
    0x08006160   0x08006160   0x0000002e   Code   RO        10643    i.HAL_PCD_ResetCallback  usbd_conf.o
    0x0800618e   0x0800618e   0x00000008   Code   RO        10644    i.HAL_PCD_ResumeCallback  usbd_conf.o
    0x08006196   0x08006196   0x00000008   Code   RO        10645    i.HAL_PCD_SOFCallback  usbd_conf.o
    0x0800619e   0x0800619e   0x00000026   Code   RO         2062    i.HAL_PCD_SetAddress  stm32h7xx_hal_pcd.o
    0x080061c4   0x080061c4   0x0000000e   Code   RO        10646    i.HAL_PCD_SetupStageCallback  usbd_conf.o
    0x080061d2   0x080061d2   0x00000042   Code   RO         2065    i.HAL_PCD_Start     stm32h7xx_hal_pcd.o
    0x08006214   0x08006214   0x00000030   Code   RO        10647    i.HAL_PCD_SuspendCallback  usbd_conf.o
    0x08006244   0x08006244   0x00000058   Code   RO         3828    i.HAL_PWREx_ConfigSupply  stm32h7xx_hal_pwr_ex.o
    0x0800629c   0x0800629c   0x00000010   Code   RO         3845    i.HAL_PWREx_EnableUSBVoltageDetector  stm32h7xx_hal_pwr_ex.o
    0x080062ac   0x080062ac   0x00000024   Code   RO         2770    i.HAL_RCCEx_GetD3PCLK1Freq  stm32h7xx_hal_rcc_ex.o
    0x080062d0   0x080062d0   0x000001c0   Code   RO         2771    i.HAL_RCCEx_GetPLL1ClockFreq  stm32h7xx_hal_rcc_ex.o
    0x08006490   0x08006490   0x000001c0   Code   RO         2772    i.HAL_RCCEx_GetPLL2ClockFreq  stm32h7xx_hal_rcc_ex.o
    0x08006650   0x08006650   0x000001c0   Code   RO         2773    i.HAL_RCCEx_GetPLL3ClockFreq  stm32h7xx_hal_rcc_ex.o
    0x08006810   0x08006810   0x00000544   Code   RO         2775    i.HAL_RCCEx_GetPeriphCLKFreq  stm32h7xx_hal_rcc_ex.o
    0x08006d54   0x08006d54   0x00000990   Code   RO         2779    i.HAL_RCCEx_PeriphCLKConfig  stm32h7xx_hal_rcc_ex.o
    0x080076e4   0x080076e4   0x0000027c   Code   RO         2655    i.HAL_RCC_ClockConfig  stm32h7xx_hal_rcc.o
    0x08007960   0x08007960   0x00000060   Code   RO         2659    i.HAL_RCC_GetClockConfig  stm32h7xx_hal_rcc.o
    0x080079c0   0x080079c0   0x00000044   Code   RO         2660    i.HAL_RCC_GetHCLKFreq  stm32h7xx_hal_rcc.o
    0x08007a04   0x08007a04   0x00000024   Code   RO         2662    i.HAL_RCC_GetPCLK1Freq  stm32h7xx_hal_rcc.o
    0x08007a28   0x08007a28   0x00000024   Code   RO         2663    i.HAL_RCC_GetPCLK2Freq  stm32h7xx_hal_rcc.o
    0x08007a4c   0x08007a4c   0x000001b4   Code   RO         2664    i.HAL_RCC_GetSysClockFreq  stm32h7xx_hal_rcc.o
    0x08007c00   0x08007c00   0x000005d8   Code   RO         2667    i.HAL_RCC_OscConfig  stm32h7xx_hal_rcc.o
    0x080081d8   0x080081d8   0x00000002   Code   RO         6259    i.HAL_SPI_ErrorCallback  stm32h7xx_hal_spi.o
    0x080081da   0x080081da   0x00000002   PAD
    0x080081dc   0x080081dc   0x00000230   Code   RO         6262    i.HAL_SPI_IRQHandler  stm32h7xx_hal_spi.o
    0x0800840c   0x0800840c   0x00000174   Code   RO         6263    i.HAL_SPI_Init      stm32h7xx_hal_spi.o
    0x08008580   0x08008580   0x00000138   Code   RO          644    i.HAL_SPI_MspInit   spi.o
    0x080086b8   0x080086b8   0x00000002   Code   RO         6269    i.HAL_SPI_RxCpltCallback  stm32h7xx_hal_spi.o
    0x080086ba   0x080086ba   0x00000002   Code   RO         6271    i.HAL_SPI_SuspendCallback  stm32h7xx_hal_spi.o
    0x080086bc   0x080086bc   0x000003b8   Code   RO         6273    i.HAL_SPI_TransmitReceive  stm32h7xx_hal_spi.o
    0x08008a74   0x08008a74   0x00000002   Code   RO         6278    i.HAL_SPI_TxCpltCallback  stm32h7xx_hal_spi.o
    0x08008a76   0x08008a76   0x00000002   Code   RO         6280    i.HAL_SPI_TxRxCpltCallback  stm32h7xx_hal_spi.o
    0x08008a78   0x08008a78   0x00000010   Code   RO         4259    i.HAL_SYSCFG_AnalogSwitchConfig  stm32h7xx_hal.o
    0x08008a88   0x08008a88   0x00000002   Code   RO         1731    i.HAL_TIMEx_Break2Callback  stm32h7xx_hal_tim_ex.o
    0x08008a8a   0x08008a8a   0x00000002   Code   RO         1732    i.HAL_TIMEx_BreakCallback  stm32h7xx_hal_tim_ex.o
    0x08008a8c   0x08008a8c   0x00000002   Code   RO         1733    i.HAL_TIMEx_CommutCallback  stm32h7xx_hal_tim_ex.o
    0x08008a8e   0x08008a8e   0x00000002   PAD
    0x08008a90   0x08008a90   0x000000b4   Code   RO         1754    i.HAL_TIMEx_MasterConfigSynchronization  stm32h7xx_hal_tim_ex.o
    0x08008b44   0x08008b44   0x0000004e   Code   RO         1006    i.HAL_TIM_Base_Init  stm32h7xx_hal_tim.o
    0x08008b92   0x08008b92   0x00000002   Code   RO         1008    i.HAL_TIM_Base_MspInit  stm32h7xx_hal_tim.o
    0x08008b94   0x08008b94   0x000000a8   Code   RO         1011    i.HAL_TIM_Base_Start_IT  stm32h7xx_hal_tim.o
    0x08008c3c   0x08008c3c   0x00000002   Code   RO         1040    i.HAL_TIM_IC_CaptureCallback  stm32h7xx_hal_tim.o
    0x08008c3e   0x08008c3e   0x00000152   Code   RO         1054    i.HAL_TIM_IRQHandler  stm32h7xx_hal_tim.o
    0x08008d90   0x08008d90   0x0000007c   Code   RO          685    i.HAL_TIM_MspPostInit  tim.o
    0x08008e0c   0x08008e0c   0x00000002   Code   RO         1057    i.HAL_TIM_OC_DelayElapsedCallback  stm32h7xx_hal_tim.o
    0x08008e0e   0x08008e0e   0x00000136   Code   RO         1078    i.HAL_TIM_PWM_ConfigChannel  stm32h7xx_hal_tim.o
    0x08008f44   0x08008f44   0x0000004e   Code   RO         1081    i.HAL_TIM_PWM_Init  stm32h7xx_hal_tim.o
    0x08008f92   0x08008f92   0x00000002   PAD
    0x08008f94   0x08008f94   0x00000044   Code   RO          687    i.HAL_TIM_PWM_MspInit  tim.o
    0x08008fd8   0x08008fd8   0x00000002   Code   RO         1084    i.HAL_TIM_PWM_PulseFinishedCallback  stm32h7xx_hal_tim.o
    0x08008fda   0x08008fda   0x00000002   PAD
    0x08008fdc   0x08008fdc   0x0000013c   Code   RO         1086    i.HAL_TIM_PWM_Start  stm32h7xx_hal_tim.o
    0x08009118   0x08009118   0x0000000e   Code   RO           14    i.HAL_TIM_PeriodElapsedCallback  main.o
    0x08009126   0x08009126   0x00000002   Code   RO         1097    i.HAL_TIM_TriggerCallback  stm32h7xx_hal_tim.o
    0x08009128   0x08009128   0x0000003e   Code   RO         7011    i.HAL_UARTEx_DisableFifoMode  stm32h7xx_hal_uart_ex.o
    0x08009166   0x08009166   0x00000002   Code   RO         6595    i.HAL_UARTEx_RxEventCallback  stm32h7xx_hal_uart.o
    0x08009168   0x08009168   0x00000002   Code   RO         7019    i.HAL_UARTEx_RxFifoFullCallback  stm32h7xx_hal_uart_ex.o
    0x0800916a   0x0800916a   0x0000004c   Code   RO         7020    i.HAL_UARTEx_SetRxFifoThreshold  stm32h7xx_hal_uart_ex.o
    0x080091b6   0x080091b6   0x0000004c   Code   RO         7021    i.HAL_UARTEx_SetTxFifoThreshold  stm32h7xx_hal_uart_ex.o
    0x08009202   0x08009202   0x00000002   Code   RO         7023    i.HAL_UARTEx_TxFifoEmptyCallback  stm32h7xx_hal_uart_ex.o
    0x08009204   0x08009204   0x00000002   Code   RO         7024    i.HAL_UARTEx_WakeupCallback  stm32h7xx_hal_uart_ex.o
    0x08009206   0x08009206   0x00000002   Code   RO         6611    i.HAL_UART_ErrorCallback  stm32h7xx_hal_uart.o
    0x08009208   0x08009208   0x0000000c   Code   RO         6613    i.HAL_UART_GetState  stm32h7xx_hal_uart.o
    0x08009214   0x08009214   0x000003ac   Code   RO         6614    i.HAL_UART_IRQHandler  stm32h7xx_hal_uart.o
    0x080095c0   0x080095c0   0x00000070   Code   RO         6615    i.HAL_UART_Init     stm32h7xx_hal_uart.o
    0x08009630   0x08009630   0x0000026c   Code   RO          740    i.HAL_UART_MspInit  usart.o
    0x0800989c   0x0800989c   0x00000048   Code   RO         6620    i.HAL_UART_Receive_IT  stm32h7xx_hal_uart.o
    0x080098e4   0x080098e4   0x00000058   Code   RO         9744    i.HAL_UART_RxCpltCallback  xbox_task.o
    0x0800993c   0x0800993c   0x00000090   Code   RO         6625    i.HAL_UART_Transmit_DMA  stm32h7xx_hal_uart.o
    0x080099cc   0x080099cc   0x00000002   Code   RO         6627    i.HAL_UART_TxCpltCallback  stm32h7xx_hal_uart.o
    0x080099ce   0x080099ce   0x00000002   Code   RO         6628    i.HAL_UART_TxHalfCpltCallback  stm32h7xx_hal_uart.o
    0x080099d0   0x080099d0   0x000000fc   Code   RO         7754    i.H_K_R_Adjustment  kalman_filter.o
    0x08009acc   0x08009acc   0x00000002   Code   RO          804    i.HardFault_Handler  stm32h7xx_it.o
    0x08009ace   0x08009ace   0x00000002   PAD
    0x08009ad0   0x08009ad0   0x00000034   Code   RO         9365    i.INS_Init          ins_task.o
    0x08009b04   0x08009b04   0x0000000c   Code   RO          357    i.INS_Task          freertos.o
    0x08009b10   0x08009b10   0x0000032c   Code   RO         9366    i.INS_task          ins_task.o
    0x08009e3c   0x08009e3c   0x0000003a   Code   RO        10477    i.IntToUnicode      usbd_desc.o
    0x08009e76   0x08009e76   0x00000002   PAD
    0x08009e78   0x08009e78   0x000003f8   Code   RO         7755    i.Kalman_Filter_Init  kalman_filter.o
    0x0800a270   0x0800a270   0x00000048   Code   RO         7756    i.Kalman_Filter_Measure  kalman_filter.o
    0x0800a2b8   0x0800a2b8   0x00000062   Code   RO         7757    i.Kalman_Filter_P_Update  kalman_filter.o
    0x0800a31a   0x0800a31a   0x0000006c   Code   RO         7758    i.Kalman_Filter_PminusUpdate  kalman_filter.o
    0x0800a386   0x0800a386   0x000000be   Code   RO         7759    i.Kalman_Filter_SetK  kalman_filter.o
    0x0800a444   0x0800a444   0x000000ec   Code   RO         7760    i.Kalman_Filter_Update  kalman_filter.o
    0x0800a530   0x0800a530   0x00000074   Code   RO         7761    i.Kalman_Filter_xhatMinusUpdate  kalman_filter.o
    0x0800a5a4   0x0800a5a4   0x00000080   Code   RO         7762    i.Kalman_Filter_xhatUpdate  kalman_filter.o
    0x0800a624   0x0800a624   0x0000000c   Code   RO         5197    i.LL_ADC_GetOffsetChannel  stm32h7xx_hal_adc.o
    0x0800a630   0x0800a630   0x00000008   Code   RO         5198    i.LL_ADC_INJ_IsConversionOngoing  stm32h7xx_hal_adc.o
    0x0800a638   0x0800a638   0x00000008   Code   RO         5199    i.LL_ADC_IsEnabled  stm32h7xx_hal_adc.o
    0x0800a640   0x0800a640   0x00000008   Code   RO         5200    i.LL_ADC_REG_IsConversionOngoing  stm32h7xx_hal_adc.o
    0x0800a648   0x0800a648   0x00000008   Code   RO         5431    i.LL_ADC_REG_IsConversionOngoing  stm32h7xx_hal_adc_ex.o
    0x0800a650   0x0800a650   0x00000010   Code   RO         5201    i.LL_ADC_REG_IsTriggerSourceSWStart  stm32h7xx_hal_adc.o
    0x0800a660   0x0800a660   0x00000028   Code   RO         5203    i.LL_ADC_SetOffsetState  stm32h7xx_hal_adc.o
    0x0800a688   0x0800a688   0x0000002e   Code   RO         7687    i.LQR_K_calc        vmc_calc.o
    0x0800a6b6   0x0800a6b6   0x00000002   PAD
    0x0800a6b8   0x0800a6b8   0x000000a4   Code   RO         9433    i.LeftMotorStart    chassisl_task.o
    0x0800a75c   0x0800a75c   0x00000084   Code   RO         9434    i.LeftMotorStop     chassisl_task.o
    0x0800a7e0   0x0800a7e0   0x0000004e   Code   RO           15    i.MPU_Config        main.o
    0x0800a82e   0x0800a82e   0x00000002   PAD
    0x0800a830   0x0800a830   0x0000001c   Code   RO         7452    i.MWGetEncoderCountRec  gim6010_drv.o
    0x0800a84c   0x0800a84c   0x000000c0   Code   RO         7453    i.MWMitControlRec   gim6010_drv.o
    0x0800a90c   0x0800a90c   0x00000094   Code   RO          524    i.MX_ADC1_Init      adc.o
    0x0800a9a0   0x0800a9a0   0x0000008c   Code   RO          564    i.MX_DMA_Init       dma.o
    0x0800aa2c   0x0800aa2c   0x00000068   Code   RO          590    i.MX_FDCAN1_Init    fdcan.o
    0x0800aa94   0x0800aa94   0x0000006c   Code   RO          591    i.MX_FDCAN2_Init    fdcan.o
    0x0800ab00   0x0800ab00   0x0000006c   Code   RO          592    i.MX_FDCAN3_Init    fdcan.o
    0x0800ab6c   0x0800ab6c   0x000000ec   Code   RO          358    i.MX_FREERTOS_Init  freertos.o
    0x0800ac58   0x0800ac58   0x00000130   Code   RO          327    i.MX_GPIO_Init      gpio.o
    0x0800ad88   0x0800ad88   0x00000060   Code   RO          645    i.MX_SPI2_Init      spi.o
    0x0800ade8   0x0800ade8   0x00000070   Code   RO          688    i.MX_TIM12_Init     tim.o
    0x0800ae58   0x0800ae58   0x00000074   Code   RO          689    i.MX_TIM3_Init      tim.o
    0x0800aecc   0x0800aecc   0x00000070   Code   RO          741    i.MX_UART7_Init     usart.o
    0x0800af3c   0x0800af3c   0x00000068   Code   RO          742    i.MX_USART10_UART_Init  usart.o
    0x0800afa4   0x0800afa4   0x00000068   Code   RO          743    i.MX_USART1_UART_Init  usart.o
    0x0800b00c   0x0800b00c   0x00000054   Code   RO        10441    i.MX_USB_DEVICE_Init  usb_device.o
    0x0800b060   0x0800b060   0x00000002   Code   RO          805    i.MemManage_Handler  stm32h7xx_it.o
    0x0800b062   0x0800b062   0x00000002   Code   RO          806    i.NMI_Handler       stm32h7xx_it.o
    0x0800b064   0x0800b064   0x0000000e   Code   RO          359    i.OBSERVE_Task      freertos.o
    0x0800b072   0x0800b072   0x00000002   PAD
    0x0800b074   0x0800b074   0x0000000c   Code   RO          807    i.OTG_HS_IRQHandler  stm32h7xx_it.o
    0x0800b080   0x0800b080   0x00000138   Code   RO         9569    i.Observe_task      observe_task.o
    0x0800b1b8   0x0800b1b8   0x00000048   Code   RO         2068    i.PCD_EP_OutSetupPacket_int  stm32h7xx_hal_pcd.o
    0x0800b200   0x0800b200   0x000000e4   Code   RO         2069    i.PCD_EP_OutXfrComplete_int  stm32h7xx_hal_pcd.o
    0x0800b2e4   0x0800b2e4   0x0000009c   Code   RO         2070    i.PCD_WriteEmptyTxFifo  stm32h7xx_hal_pcd.o
    0x0800b380   0x0800b380   0x00000160   Code   RO         7971    i.PID_Calc          pid.o
    0x0800b4e0   0x0800b4e0   0x0000005c   Code   RO         7973    i.PID_init          pid.o
    0x0800b53c   0x0800b53c   0x0000000c   Code   RO          360    i.POWERTask         freertos.o
    0x0800b548   0x0800b548   0x00000002   Code   RO          361    i.PS2_Task          freertos.o
    0x0800b54a   0x0800b54a   0x00000002   PAD
    0x0800b54c   0x0800b54c   0x00000060   Code   RO         9499    i.Pensation_init    chassisr_task.o
    0x0800b5ac   0x0800b5ac   0x00000046   Code   RO           16    i.PeriphCommonClock_Config  main.o
    0x0800b5f2   0x0800b5f2   0x00000002   PAD
    0x0800b5f4   0x0800b5f4   0x00000044   Code   RO         9935    i.Power_Init        power_task.o
    0x0800b638   0x0800b638   0x00000124   Code   RO         2782    i.RCCEx_PLL2_Config  stm32h7xx_hal_rcc_ex.o
    0x0800b75c   0x0800b75c   0x00000124   Code   RO         2783    i.RCCEx_PLL3_Config  stm32h7xx_hal_rcc_ex.o
    0x0800b880   0x0800b880   0x000000d8   Code   RO        10066    i.ROS2_ApplyCommand  ros2_task.o
    0x0800b958   0x0800b958   0x000000a8   Code   RO        10067    i.ROS2_CollectTelemetry  ros2_task.o
    0x0800ba00   0x0800ba00   0x00000040   Code   RO        10068    i.ROS2_Init         ros2_task.o
    0x0800ba40   0x0800ba40   0x00000032   Code   RO        10069    i.ROS2_PackTelemetry  ros2_task.o
    0x0800ba72   0x0800ba72   0x00000002   PAD
    0x0800ba74   0x0800ba74   0x000000b4   Code   RO        10070    i.ROS2_ParseRxByte  ros2_task.o
    0x0800bb28   0x0800bb28   0x0000003c   Code   RO        10071    i.ROS2_ProcessCdcRx  ros2_task.o
    0x0800bb64   0x0800bb64   0x00000024   Code   RO        10072    i.ROS2_SendTelemetry  ros2_task.o
    0x0800bb88   0x0800bb88   0x0000001a   Code   RO        10073    i.ROS2_UnpackCommand  ros2_task.o
    0x0800bba2   0x0800bba2   0x00000002   PAD
    0x0800bba4   0x0800bba4   0x0000005c   Code   RO        10074    i.ROS_Task          ros2_task.o
    0x0800bc00   0x0800bc00   0x00000090   Code   RO         9500    i.RightMotorStart   chassisr_task.o
    0x0800bc90   0x0800bc90   0x00000084   Code   RO         9501    i.RightMotorStop    chassisr_task.o
    0x0800bd14   0x0800bd14   0x000000b2   Code   RO         7551    i.RotationMatrix_update  mahony_filter.o
    0x0800bdc6   0x0800bdc6   0x00000002   PAD
    0x0800bdc8   0x0800bdc8   0x0000000c   Code   RO          808    i.SPI2_IRQHandler   stm32h7xx_it.o
    0x0800bdd4   0x0800bdd4   0x000000ba   Code   RO         6283    i.SPI_CloseTransfer  stm32h7xx_hal_spi.o
    0x0800be8e   0x0800be8e   0x00000018   Code   RO         6284    i.SPI_DMAAbortOnError  stm32h7xx_hal_spi.o
    0x0800bea6   0x0800bea6   0x00000014   Code   RO         6294    i.SPI_GetPacketSize  stm32h7xx_hal_spi.o
    0x0800beba   0x0800beba   0x00000042   Code   RO         6301    i.SPI_WaitOnFlagUntilTimeout  stm32h7xx_hal_spi.o
    0x0800befc   0x0800befc   0x0000000a   Code   RO        11012    i.SWAPBYTE          usbd_ctlreq.o
    0x0800bf06   0x0800bf06   0x00000018   Code   RO         7454    i.SWClearErrors     gim6010_drv.o
    0x0800bf1e   0x0800bf1e   0x00000018   Code   RO         7456    i.SWEstop           gim6010_drv.o
    0x0800bf36   0x0800bf36   0x00000002   PAD
    0x0800bf38   0x0800bf38   0x00000144   Code   RO         7459    i.SWMitControl      gim6010_drv.o
    0x0800c07c   0x0800c07c   0x0000001a   Code   RO         7461    i.SWSetAxisState    gim6010_drv.o
    0x0800c096   0x0800c096   0x0000001e   Code   RO         7462    i.SWSetControllMode  gim6010_drv.o
    0x0800c0b4   0x0800c0b4   0x0000000c   Code   RO          363    i.StartDefaultTask  freertos.o
    0x0800c0c0   0x0800c0c0   0x00000040   Code   RO         9936    i.StartPowerTask    power_task.o
    0x0800c100   0x0800c100   0x0000000c   Code   RO         9986    i.StartVofaTask     vofa_task.o
    0x0800c10c   0x0800c10c   0x0000002c   Code   RO         9284    i.SysTick_Handler   port.o
    0x0800c138   0x0800c138   0x0000009c   Code   RO           17    i.SystemClock_Config  main.o
    0x0800c1d4   0x0800c1d4   0x000000c0   Code   RO         7135    i.SystemInit        system_stm32h7xx.o
    0x0800c294   0x0800c294   0x0000000c   Code   RO          809    i.TIM2_IRQHandler   stm32h7xx_it.o
    0x0800c2a0   0x0800c2a0   0x000000dc   Code   RO         1099    i.TIM_Base_SetConfig  stm32h7xx_hal_tim.o
    0x0800c37c   0x0800c37c   0x0000001a   Code   RO         1100    i.TIM_CCxChannelCmd  stm32h7xx_hal_tim.o
    0x0800c396   0x0800c396   0x00000002   PAD
    0x0800c398   0x0800c398   0x000000a0   Code   RO         1112    i.TIM_OC1_SetConfig  stm32h7xx_hal_tim.o
    0x0800c438   0x0800c438   0x00000094   Code   RO         1113    i.TIM_OC2_SetConfig  stm32h7xx_hal_tim.o
    0x0800c4cc   0x0800c4cc   0x00000094   Code   RO         1114    i.TIM_OC3_SetConfig  stm32h7xx_hal_tim.o
    0x0800c560   0x0800c560   0x00000074   Code   RO         1115    i.TIM_OC4_SetConfig  stm32h7xx_hal_tim.o
    0x0800c5d4   0x0800c5d4   0x00000070   Code   RO         1116    i.TIM_OC5_SetConfig  stm32h7xx_hal_tim.o
    0x0800c644   0x0800c644   0x00000070   Code   RO         1117    i.TIM_OC6_SetConfig  stm32h7xx_hal_tim.o
    0x0800c6b4   0x0800c6b4   0x0000000c   Code   RO          810    i.UART7_IRQHandler  stm32h7xx_it.o
    0x0800c6c0   0x0800c6c0   0x00000048   Code   RO         7025    i.UARTEx_SetNbDataToProcess  stm32h7xx_hal_uart_ex.o
    0x0800c708   0x0800c708   0x000000c8   Code   RO         6629    i.UART_AdvFeatureConfig  stm32h7xx_hal_uart.o
    0x0800c7d0   0x0800c7d0   0x000000aa   Code   RO         6630    i.UART_CheckIdleState  stm32h7xx_hal_uart.o
    0x0800c87a   0x0800c87a   0x00000010   Code   RO         6631    i.UART_DMAAbortOnError  stm32h7xx_hal_uart.o
    0x0800c88a   0x0800c88a   0x00000050   Code   RO         6632    i.UART_DMAError     stm32h7xx_hal_uart.o
    0x0800c8da   0x0800c8da   0x00000042   Code   RO         6637    i.UART_DMATransmitCplt  stm32h7xx_hal_uart.o
    0x0800c91c   0x0800c91c   0x0000000a   Code   RO         6639    i.UART_DMATxHalfCplt  stm32h7xx_hal_uart.o
    0x0800c926   0x0800c926   0x00000002   PAD
    0x0800c928   0x0800c928   0x00000054   Code   RO         6641    i.UART_EndRxTransfer  stm32h7xx_hal_uart.o
    0x0800c97c   0x0800c97c   0x00000024   Code   RO         6642    i.UART_EndTransmit_IT  stm32h7xx_hal_uart.o
    0x0800c9a0   0x0800c9a0   0x0000002e   Code   RO         6643    i.UART_EndTxTransfer  stm32h7xx_hal_uart.o
    0x0800c9ce   0x0800c9ce   0x00000002   PAD
    0x0800c9d0   0x0800c9d0   0x000000c8   Code   RO         6644    i.UART_RxISR_16BIT  stm32h7xx_hal_uart.o
    0x0800ca98   0x0800ca98   0x00000198   Code   RO         6645    i.UART_RxISR_16BIT_FIFOEN  stm32h7xx_hal_uart.o
    0x0800cc30   0x0800cc30   0x000000c8   Code   RO         6646    i.UART_RxISR_8BIT   stm32h7xx_hal_uart.o
    0x0800ccf8   0x0800ccf8   0x00000198   Code   RO         6647    i.UART_RxISR_8BIT_FIFOEN  stm32h7xx_hal_uart.o
    0x0800ce90   0x0800ce90   0x0000052e   Code   RO         6648    i.UART_SetConfig    stm32h7xx_hal_uart.o
    0x0800d3be   0x0800d3be   0x00000002   PAD
    0x0800d3c0   0x0800d3c0   0x00000124   Code   RO         6650    i.UART_Start_Receive_IT  stm32h7xx_hal_uart.o
    0x0800d4e4   0x0800d4e4   0x00000098   Code   RO         6655    i.UART_WaitOnFlagUntilTimeout  stm32h7xx_hal_uart.o
    0x0800d57c   0x0800d57c   0x0000000c   Code   RO          811    i.USART10_IRQHandler  stm32h7xx_it.o
    0x0800d588   0x0800d588   0x0000000c   Code   RO          812    i.USART1_IRQHandler  stm32h7xx_it.o
    0x0800d594   0x0800d594   0x00000078   Code   RO        11183    i.USBD_CDC_DataIn   usbd_cdc.o
    0x0800d60c   0x0800d60c   0x0000003e   Code   RO        11184    i.USBD_CDC_DataOut  usbd_cdc.o
    0x0800d64a   0x0800d64a   0x00000002   PAD
    0x0800d64c   0x0800d64c   0x00000094   Code   RO        11185    i.USBD_CDC_DeInit   usbd_cdc.o
    0x0800d6e0   0x0800d6e0   0x00000038   Code   RO        11186    i.USBD_CDC_EP0_RxReady  usbd_cdc.o
    0x0800d718   0x0800d718   0x0000000c   Code   RO        11187    i.USBD_CDC_GetDeviceQualifierDescriptor  usbd_cdc.o
    0x0800d724   0x0800d724   0x0000003c   Code   RO        11188    i.USBD_CDC_GetFSCfgDesc  usbd_cdc.o
    0x0800d760   0x0800d760   0x00000040   Code   RO        11189    i.USBD_CDC_GetHSCfgDesc  usbd_cdc.o
    0x0800d7a0   0x0800d7a0   0x0000003c   Code   RO        11190    i.USBD_CDC_GetOtherSpeedCfgDesc  usbd_cdc.o
    0x0800d7dc   0x0800d7dc   0x0000015c   Code   RO        11191    i.USBD_CDC_Init     usbd_cdc.o
    0x0800d938   0x0800d938   0x00000040   Code   RO        11192    i.USBD_CDC_ReceivePacket  usbd_cdc.o
    0x0800d978   0x0800d978   0x00000018   Code   RO        11193    i.USBD_CDC_RegisterInterface  usbd_cdc.o
    0x0800d990   0x0800d990   0x0000001c   Code   RO        11194    i.USBD_CDC_SetRxBuffer  usbd_cdc.o
    0x0800d9ac   0x0800d9ac   0x00000020   Code   RO        11195    i.USBD_CDC_SetTxBuffer  usbd_cdc.o
    0x0800d9cc   0x0800d9cc   0x0000010a   Code   RO        11196    i.USBD_CDC_Setup    usbd_cdc.o
    0x0800dad6   0x0800dad6   0x00000002   PAD
    0x0800dad8   0x0800dad8   0x00000050   Code   RO        11197    i.USBD_CDC_TransmitPacket  usbd_cdc.o
    0x0800db28   0x0800db28   0x00000014   Code   RO        10846    i.USBD_ClrClassConfig  usbd_core.o
    0x0800db3c   0x0800db3c   0x00000026   Code   RO        11013    i.USBD_ClrFeature   usbd_ctlreq.o
    0x0800db62   0x0800db62   0x00000004   Code   RO        10847    i.USBD_CoreFindEP   usbd_core.o
    0x0800db66   0x0800db66   0x00000004   Code   RO        10848    i.USBD_CoreFindIF   usbd_core.o
    0x0800db6a   0x0800db6a   0x00000010   Code   RO        11119    i.USBD_CtlContinueRx  usbd_ioreq.o
    0x0800db7a   0x0800db7a   0x00000010   Code   RO        11120    i.USBD_CtlContinueSendData  usbd_ioreq.o
    0x0800db8a   0x0800db8a   0x00000018   Code   RO        11014    i.USBD_CtlError     usbd_ctlreq.o
    0x0800dba2   0x0800dba2   0x0000001e   Code   RO        11121    i.USBD_CtlPrepareRx  usbd_ioreq.o
    0x0800dbc0   0x0800dbc0   0x00000016   Code   RO        11122    i.USBD_CtlReceiveStatus  usbd_ioreq.o
    0x0800dbd6   0x0800dbd6   0x0000001a   Code   RO        11123    i.USBD_CtlSendData  usbd_ioreq.o
    0x0800dbf0   0x0800dbf0   0x00000016   Code   RO        11124    i.USBD_CtlSendStatus  usbd_ioreq.o
    0x0800dc06   0x0800dc06   0x0000003a   Code   RO        11015    i.USBD_GetConfig    usbd_ctlreq.o
    0x0800dc40   0x0800dc40   0x000001e4   Code   RO        11016    i.USBD_GetDescriptor  usbd_ctlreq.o
    0x0800de24   0x0800de24   0x0000003a   Code   RO        10850    i.USBD_GetEpDesc    usbd_core.o
    0x0800de5e   0x0800de5e   0x00000014   Code   RO        11017    i.USBD_GetLen       usbd_ctlreq.o
    0x0800de72   0x0800de72   0x0000000e   Code   RO        10851    i.USBD_GetNextDesc  usbd_core.o
    0x0800de80   0x0800de80   0x0000003c   Code   RO        11018    i.USBD_GetStatus    usbd_ctlreq.o
    0x0800debc   0x0800debc   0x00000050   Code   RO        11019    i.USBD_GetString    usbd_ctlreq.o
    0x0800df0c   0x0800df0c   0x00000024   Code   RO        10648    i.USBD_Get_USB_Status  usbd_conf.o
    0x0800df30   0x0800df30   0x00000030   Code   RO        10478    i.USBD_HS_ConfigStrDescriptor  usbd_desc.o
    0x0800df60   0x0800df60   0x0000000c   Code   RO        10479    i.USBD_HS_DeviceDescriptor  usbd_desc.o
    0x0800df6c   0x0800df6c   0x00000034   Code   RO        10480    i.USBD_HS_InterfaceStrDescriptor  usbd_desc.o
    0x0800dfa0   0x0800dfa0   0x0000000c   Code   RO        10481    i.USBD_HS_LangIDStrDescriptor  usbd_desc.o
    0x0800dfac   0x0800dfac   0x00000028   Code   RO        10482    i.USBD_HS_ManufacturerStrDescriptor  usbd_desc.o
    0x0800dfd4   0x0800dfd4   0x0000003c   Code   RO        10483    i.USBD_HS_ProductStrDescriptor  usbd_desc.o
    0x0800e010   0x0800e010   0x00000014   Code   RO        10484    i.USBD_HS_SerialStrDescriptor  usbd_desc.o
    0x0800e024   0x0800e024   0x00000028   Code   RO        10852    i.USBD_Init         usbd_core.o
    0x0800e04c   0x0800e04c   0x00000012   Code   RO        10649    i.USBD_LL_ClearStallEP  usbd_conf.o
    0x0800e05e   0x0800e05e   0x00000012   Code   RO        10650    i.USBD_LL_CloseEP   usbd_conf.o
    0x0800e070   0x0800e070   0x000000dc   Code   RO        10853    i.USBD_LL_DataInStage  usbd_core.o
    0x0800e14c   0x0800e14c   0x000000ca   Code   RO        10854    i.USBD_LL_DataOutStage  usbd_core.o
    0x0800e216   0x0800e216   0x00000004   Code   RO        10855    i.USBD_LL_DevConnected  usbd_core.o
    0x0800e21a   0x0800e21a   0x00000020   Code   RO        10856    i.USBD_LL_DevDisconnected  usbd_core.o
    0x0800e23a   0x0800e23a   0x00000008   Code   RO        10654    i.USBD_LL_GetRxDataSize  usbd_conf.o
    0x0800e242   0x0800e242   0x00000002   PAD
    0x0800e244   0x0800e244   0x00000068   Code   RO        10655    i.USBD_LL_Init      usbd_conf.o
    0x0800e2ac   0x0800e2ac   0x0000001e   Code   RO        10656    i.USBD_LL_IsStallEP  usbd_conf.o
    0x0800e2ca   0x0800e2ca   0x0000002a   Code   RO        10857    i.USBD_LL_IsoINIncomplete  usbd_core.o
    0x0800e2f4   0x0800e2f4   0x0000002a   Code   RO        10858    i.USBD_LL_IsoOUTIncomplete  usbd_core.o
    0x0800e31e   0x0800e31e   0x00000018   Code   RO        10657    i.USBD_LL_OpenEP    usbd_conf.o
    0x0800e336   0x0800e336   0x00000012   Code   RO        10658    i.USBD_LL_PrepareReceive  usbd_conf.o
    0x0800e348   0x0800e348   0x00000060   Code   RO        10859    i.USBD_LL_Reset     usbd_core.o
    0x0800e3a8   0x0800e3a8   0x00000014   Code   RO        10860    i.USBD_LL_Resume    usbd_core.o
    0x0800e3bc   0x0800e3bc   0x0000001a   Code   RO        10861    i.USBD_LL_SOF       usbd_core.o
    0x0800e3d6   0x0800e3d6   0x00000006   Code   RO        10862    i.USBD_LL_SetSpeed  usbd_core.o
    0x0800e3dc   0x0800e3dc   0x00000012   Code   RO        10659    i.USBD_LL_SetUSBAddress  usbd_conf.o
    0x0800e3ee   0x0800e3ee   0x00000060   Code   RO        10863    i.USBD_LL_SetupStage  usbd_core.o
    0x0800e44e   0x0800e44e   0x00000012   Code   RO        10660    i.USBD_LL_StallEP   usbd_conf.o
    0x0800e460   0x0800e460   0x00000012   Code   RO        10661    i.USBD_LL_Start     usbd_conf.o
    0x0800e472   0x0800e472   0x0000001a   Code   RO        10864    i.USBD_LL_Suspend   usbd_core.o
    0x0800e48c   0x0800e48c   0x00000012   Code   RO        10663    i.USBD_LL_Transmit  usbd_conf.o
    0x0800e49e   0x0800e49e   0x00000032   Code   RO        11020    i.USBD_ParseSetupRequest  usbd_ctlreq.o
    0x0800e4d0   0x0800e4d0   0x0000003a   Code   RO        10865    i.USBD_RegisterClass  usbd_core.o
    0x0800e50a   0x0800e50a   0x00000004   Code   RO        10866    i.USBD_RunTestMode  usbd_core.o
    0x0800e50e   0x0800e50e   0x00000058   Code   RO        11021    i.USBD_SetAddress   usbd_ctlreq.o
    0x0800e566   0x0800e566   0x00000014   Code   RO        10867    i.USBD_SetClassConfig  usbd_core.o
    0x0800e57a   0x0800e57a   0x00000002   PAD
    0x0800e57c   0x0800e57c   0x000000dc   Code   RO        11022    i.USBD_SetConfig    usbd_ctlreq.o
    0x0800e658   0x0800e658   0x00000024   Code   RO        11023    i.USBD_SetFeature   usbd_ctlreq.o
    0x0800e67c   0x0800e67c   0x00000004   Code   RO        10868    i.USBD_Start        usbd_core.o
    0x0800e680   0x0800e680   0x00000076   Code   RO        11024    i.USBD_StdDevReq    usbd_ctlreq.o
    0x0800e6f6   0x0800e6f6   0x00000220   Code   RO        11025    i.USBD_StdEPReq     usbd_ctlreq.o
    0x0800e916   0x0800e916   0x0000008e   Code   RO        11026    i.USBD_StdItfReq    usbd_ctlreq.o
    0x0800e9a4   0x0800e9a4   0x00000002   Code   RO        10664    i.USBD_static_free  usbd_conf.o
    0x0800e9a6   0x0800e9a6   0x00000002   PAD
    0x0800e9a8   0x0800e9a8   0x00000008   Code   RO        10665    i.USBD_static_malloc  usbd_conf.o
    0x0800e9b0   0x0800e9b0   0x00000084   Code   RO         2344    i.USB_ActivateEndpoint  stm32h7xx_ll_usb.o
    0x0800ea34   0x0800ea34   0x0000001c   Code   RO         2346    i.USB_ActivateSetup  stm32h7xx_ll_usb.o
    0x0800ea50   0x0800ea50   0x0000009c   Code   RO         2348    i.USB_CoreInit      stm32h7xx_ll_usb.o
    0x0800eaec   0x0800eaec   0x00000044   Code   RO         2349    i.USB_CoreReset     stm32h7xx_ll_usb.o
    0x0800eb30   0x0800eb30   0x000000c8   Code   RO         2352    i.USB_DeactivateEndpoint  stm32h7xx_ll_usb.o
    0x0800ebf8   0x0800ebf8   0x0000001c   Code   RO         2353    i.USB_DevConnect    stm32h7xx_ll_usb.o
    0x0800ec14   0x0800ec14   0x0000001c   Code   RO         2354    i.USB_DevDisconnect  stm32h7xx_ll_usb.o
    0x0800ec30   0x0800ec30   0x0000016c   Code   RO         2355    i.USB_DevInit       stm32h7xx_ll_usb.o
    0x0800ed9c   0x0800ed9c   0x0000000c   Code   RO         2356    i.USB_DisableGlobalInt  stm32h7xx_ll_usb.o
    0x0800eda8   0x0800eda8   0x00000054   Code   RO         2359    i.USB_EP0_OutStart  stm32h7xx_ll_usb.o
    0x0800edfc   0x0800edfc   0x00000058   Code   RO         2360    i.USB_EPClearStall  stm32h7xx_ll_usb.o
    0x0800ee54   0x0800ee54   0x00000058   Code   RO         2361    i.USB_EPSetStall    stm32h7xx_ll_usb.o
    0x0800eeac   0x0800eeac   0x00000254   Code   RO         2362    i.USB_EPStartXfer   stm32h7xx_ll_usb.o
    0x0800f100   0x0800f100   0x000000a4   Code   RO         2363    i.USB_EPStopXfer    stm32h7xx_ll_usb.o
    0x0800f1a4   0x0800f1a4   0x0000000c   Code   RO         2364    i.USB_EnableGlobalInt  stm32h7xx_ll_usb.o
    0x0800f1b0   0x0800f1b0   0x00000040   Code   RO         2365    i.USB_FlushRxFifo   stm32h7xx_ll_usb.o
    0x0800f1f0   0x0800f1f0   0x00000044   Code   RO         2366    i.USB_FlushTxFifo   stm32h7xx_ll_usb.o
    0x0800f234   0x0800f234   0x00000020   Code   RO         2368    i.USB_GetDevSpeed   stm32h7xx_ll_usb.o
    0x0800f254   0x0800f254   0x00000008   Code   RO         2370    i.USB_GetMode       stm32h7xx_ll_usb.o
    0x0800f25c   0x0800f25c   0x0000000e   Code   RO         2378    i.USB_ReadDevAllInEpInterrupt  stm32h7xx_ll_usb.o
    0x0800f26a   0x0800f26a   0x0000000e   Code   RO         2379    i.USB_ReadDevAllOutEpInterrupt  stm32h7xx_ll_usb.o
    0x0800f278   0x0800f278   0x00000024   Code   RO         2380    i.USB_ReadDevInEPInterrupt  stm32h7xx_ll_usb.o
    0x0800f29c   0x0800f29c   0x00000010   Code   RO         2381    i.USB_ReadDevOutEPInterrupt  stm32h7xx_ll_usb.o
    0x0800f2ac   0x0800f2ac   0x00000008   Code   RO         2382    i.USB_ReadInterrupts  stm32h7xx_ll_usb.o
    0x0800f2b4   0x0800f2b4   0x0000003e   Code   RO         2383    i.USB_ReadPacket    stm32h7xx_ll_usb.o
    0x0800f2f2   0x0800f2f2   0x00000060   Code   RO         2385    i.USB_SetCurrentMode  stm32h7xx_ll_usb.o
    0x0800f352   0x0800f352   0x0000001e   Code   RO         2386    i.USB_SetDevAddress  stm32h7xx_ll_usb.o
    0x0800f370   0x0800f370   0x0000000e   Code   RO         2387    i.USB_SetDevSpeed   stm32h7xx_ll_usb.o
    0x0800f37e   0x0800f37e   0x00000002   PAD
    0x0800f380   0x0800f380   0x000000f4   Code   RO         2388    i.USB_SetTurnaroundTime  stm32h7xx_ll_usb.o
    0x0800f474   0x0800f474   0x00000028   Code   RO         2391    i.USB_WritePacket   stm32h7xx_ll_usb.o
    0x0800f49c   0x0800f49c   0x000000f4   Code   RO         9987    i.UpdateMotorCNT    vofa_task.o
    0x0800f590   0x0800f590   0x00000002   Code   RO          813    i.UsageFault_Handler  stm32h7xx_it.o
    0x0800f592   0x0800f592   0x00000002   PAD
    0x0800f594   0x0800f594   0x00000294   Code   RO         7688    i.VMC_calc_1_left   vmc_calc.o
    0x0800f828   0x0800f828   0x0000029c   Code   RO         7689    i.VMC_calc_1_right  vmc_calc.o
    0x0800fac4   0x0800fac4   0x0000015a   Code   RO         7690    i.VMC_calc_2        vmc_calc.o
    0x0800fc1e   0x0800fc1e   0x00000002   PAD
    0x0800fc20   0x0800fc20   0x00000030   Code   RO         7691    i.VMC_init          vmc_calc.o
    0x0800fc50   0x0800fc50   0x00000006   Code   RO          364    i.VOFATask          freertos.o
    0x0800fc56   0x0800fc56   0x00000002   PAD
    0x0800fc58   0x0800fc58   0x0000007c   Code   RO         9988    i.Vofa_PrintString  vofa_task.o
    0x0800fcd4   0x0800fcd4   0x0000008c   Code   RO         9993    i.Vofa_SendFloatArray  vofa_task.o
    0x0800fd60   0x0800fd60   0x0000000e   Code   RO          365    i.XboxTask          freertos.o
    0x0800fd6e   0x0800fd6e   0x00000002   PAD
    0x0800fd70   0x0800fd70   0x00000044   Code   RO         9764    i.Xbox_Init         xbox_task.o
    0x0800fdb4   0x0800fdb4   0x000000d0   Code   RO         9765    i.Xbox_ProcessData  xbox_task.o
    0x0800fe84   0x0800fe84   0x00000220   Code   RO         9766    i.Xbox_data_process  xbox_task.o
    0x080100a4   0x080100a4   0x00000064   Code   RO         9767    i.Xbox_task         xbox_task.o
    0x08010108   0x08010108   0x00000026   Code   RO        11591    i.__ARM_fpclassifyf  m_wv.l(fpclassifyf.o)
    0x0801012e   0x0801012e   0x00000020   Code   RO         4090    i.__NVIC_SetPriority  stm32h7xx_hal_cortex.o
    0x0801014e   0x0801014e   0x00000002   PAD
    0x08010150   0x08010150   0x00000138   Code   RO        11476    i.__hardfp_asinf    m_wv.l(asinf.o)
    0x08010288   0x08010288   0x000002b4   Code   RO        11488    i.__hardfp_atan2f   m_wv.l(atan2f.o)
    0x0801053c   0x0801053c   0x00000066   Code   RO        11524    i.__hardfp_sqrt     m_wv.l(sqrt.o)
    0x080105a2   0x080105a2   0x0000003a   Code   RO        11536    i.__hardfp_sqrtf    m_wv.l(sqrtf.o)
    0x080105dc   0x080105dc   0x00000006   Code   RO        11594    i.__mathlib_flt_infnan  m_wv.l(funder.o)
    0x080105e2   0x080105e2   0x00000006   Code   RO        11595    i.__mathlib_flt_infnan2  m_wv.l(funder.o)
    0x080105e8   0x080105e8   0x00000010   Code   RO        11596    i.__mathlib_flt_invalid  m_wv.l(funder.o)
    0x080105f8   0x080105f8   0x00000010   Code   RO        11599    i.__mathlib_flt_underflow  m_wv.l(funder.o)
    0x08010608   0x08010608   0x0000000e   Code   RO        11644    i.__scatterload_copy  mc_w.l(handlers.o)
    0x08010616   0x08010616   0x00000002   Code   RO        11645    i.__scatterload_null  mc_w.l(handlers.o)
    0x08010618   0x08010618   0x0000000e   Code   RO        11646    i.__scatterload_zeroinit  mc_w.l(handlers.o)
    0x08010626   0x08010626   0x00000002   PAD
    0x08010628   0x08010628   0x0000000c   Code   RO        11634    i.__set_errno       mc_w.l(errno.o)
    0x08010634   0x08010634   0x00000128   Code   RO         7178    i.bmi088_accel_init  bmi088driver.o
    0x0801075c   0x0801075c   0x000000fc   Code   RO         7179    i.bmi088_gyro_init  bmi088driver.o
    0x08010858   0x08010858   0x00000014   Code   RO         9768    i.calc_checksum     xbox_task.o
    0x0801086c   0x0801086c   0x00000068   Code   RO        10228    i.canx_send_data    can_bsp.o
    0x080108d4   0x080108d4   0x000003fc   Code   RO         9435    i.chassisL_control_loop  chassisl_task.o
    0x08010cd0   0x08010cd0   0x00000040   Code   RO         9436    i.chassisL_feedback_update  chassisl_task.o
    0x08010d10   0x08010d10   0x000004d4   Code   RO         9502    i.chassisR_control_loop  chassisr_task.o
    0x080111e4   0x080111e4   0x00000090   Code   RO         9503    i.chassisR_feedback_update  chassisr_task.o
    0x08011274   0x08011274   0x00000020   Code   RO         9769    i.decode_axis       xbox_task.o
    0x08011294   0x08011294   0x00000030   Code   RO         7320    i.dm6215_fbdata     dm4310_drv.o
    0x080112c4   0x080112c4   0x00000098   Code   RO         7321    i.dm6215_update_data  dm4310_drv.o
    0x0801135c   0x0801135c   0x00000034   Code   RO         7322    i.enable_motor_mode  dm4310_drv.o
    0x08011390   0x08011390   0x00000006   Code   RO         7180    i.fabsf             bmi088driver.o
    0x08011396   0x08011396   0x00000006   Code   RO         9367    i.fabsf             ins_task.o
    0x0801139c   0x0801139c   0x00000028   Code   RO         7323    i.float_to_uint     dm4310_drv.o
    0x080113c4   0x080113c4   0x00000104   Code   RO         7692    i.ground_detectionL  vmc_calc.o
    0x080114c8   0x080114c8   0x00000104   Code   RO         7693    i.ground_detectionR  vmc_calc.o
    0x080115cc   0x080115cc   0x00000038   Code   RO         7552    i.mahony_init       mahony_filter.o
    0x08011604   0x08011604   0x0000001c   Code   RO         7553    i.mahony_input      mahony_filter.o
    0x08011620   0x08011620   0x00000036   Code   RO         7554    i.mahony_output     mahony_filter.o
    0x08011656   0x08011656   0x000001ac   Code   RO         7555    i.mahony_update     mahony_filter.o
    0x08011802   0x08011802   0x00000002   PAD
    0x08011804   0x08011804   0x00000128   Code   RO           18    i.main              main.o
    0x0801192c   0x0801192c   0x0000000c   Code   RO         8849    i.makeFreeRtosPriority  cmsis_os.o
    0x08011938   0x08011938   0x0000006c   Code   RO        11564    i.malloc            mc_w.l(malloc.o)
    0x080119a4   0x080119a4   0x000000f4   Code   RO         7327    i.mit_ctrl2         dm4310_drv.o
    0x08011a98   0x08011a98   0x00000024   Code   RO         9504    i.mySaturate        chassisr_task.o
    0x08011abc   0x08011abc   0x00000010   Code   RO         8851    i.osDelay           cmsis_os.o
    0x08011acc   0x08011acc   0x0000000a   Code   RO         8854    i.osKernelStart     cmsis_os.o
    0x08011ad6   0x08011ad6   0x0000002e   Code   RO         8888    i.osThreadCreate    cmsis_os.o
    0x08011b04   0x08011b04   0x00000070   Code   RO         8526    i.prvAddCurrentTaskToDelayedList  tasks.o
    0x08011b74   0x08011b74   0x00000088   Code   RO         8527    i.prvAddNewTaskToReadyList  tasks.o
    0x08011bfc   0x08011bfc   0x0000003c   Code   RO         8528    i.prvCheckTasksWaitingTermination  tasks.o
    0x08011c38   0x08011c38   0x00000014   Code   RO         8529    i.prvDeleteTCB      tasks.o
    0x08011c4c   0x08011c4c   0x0000004c   Code   RO         9216    i.prvHeapInit       heap_4.o
    0x08011c98   0x08011c98   0x00000028   Code   RO         8530    i.prvIdleTask       tasks.o
    0x08011cc0   0x08011cc0   0x00000094   Code   RO         8531    i.prvInitialiseNewTask  tasks.o
    0x08011d54   0x08011d54   0x00000058   Code   RO         8532    i.prvInitialiseTaskLists  tasks.o
    0x08011dac   0x08011dac   0x00000054   Code   RO         9217    i.prvInsertBlockIntoFreeList  heap_4.o
    0x08011e00   0x08011e00   0x00000024   Code   RO         8533    i.prvResetNextTaskUnblockTime  tasks.o
    0x08011e24   0x08011e24   0x0000002c   Code   RO         9285    i.prvTaskExitError  port.o
    0x08011e50   0x08011e50   0x000000dc   Code   RO         9218    i.pvPortMalloc      heap_4.o
    0x08011f2c   0x08011f2c   0x00000024   Code   RO         9286    i.pxPortInitialiseStack  port.o
    0x08011f50   0x08011f50   0x0000003e   Code   RO        11538    i.sqrtf             m_wv.l(sqrtf.o)
    0x08011f8e   0x08011f8e   0x00000028   Code   RO         7331    i.uint_to_float     dm4310_drv.o
    0x08011fb6   0x08011fb6   0x00000026   Code   RO         8179    i.uxListRemove      list.o
    0x08011fdc   0x08011fdc   0x00000016   Code   RO         8180    i.vListInitialise   list.o
    0x08011ff2   0x08011ff2   0x00000006   Code   RO         8181    i.vListInitialiseItem  list.o
    0x08011ff8   0x08011ff8   0x00000030   Code   RO         8182    i.vListInsert       list.o
    0x08012028   0x08012028   0x00000018   Code   RO         8183    i.vListInsertEnd    list.o
    0x08012040   0x08012040   0x00000040   Code   RO         9288    i.vPortEnterCritical  port.o
    0x08012080   0x08012080   0x0000002c   Code   RO         9289    i.vPortExitCritical  port.o
    0x080120ac   0x080120ac   0x00000064   Code   RO         9219    i.vPortFree         heap_4.o
    0x08012110   0x08012110   0x00000024   Code   RO         9290    i.vPortSetupTimerInterrupt  port.o
    0x08012134   0x08012134   0x00000050   Code   RO         8542    i.vTaskDelay        tasks.o
    0x08012184   0x08012184   0x00000068   Code   RO         8555    i.vTaskStartScheduler  tasks.o
    0x080121ec   0x080121ec   0x00000010   Code   RO         8557    i.vTaskSuspendAll   tasks.o
    0x080121fc   0x080121fc   0x00000060   Code   RO         8558    i.vTaskSwitchContext  tasks.o
    0x0801225c   0x0801225c   0x00000006   Code   RO         7332    i.wheel_motor_init  dm4310_drv.o
    0x08012262   0x08012262   0x00000002   PAD
    0x08012264   0x08012264   0x000000f4   Code   RO         9292    i.xPortStartScheduler  port.o
    0x08012358   0x08012358   0x00000060   Code   RO         8561    i.xTaskCreate       tasks.o
    0x080123b8   0x080123b8   0x000000d0   Code   RO         8568    i.xTaskIncrementTick  tasks.o
    0x08012488   0x08012488   0x000000cc   Code   RO         8574    i.xTaskResumeAll    tasks.o
    0x08012554   0x08012554   0x00000068   Code   RO         9571    i.xvEstimateKF_Init  observe_task.o
    0x080125bc   0x080125bc   0x0000005c   Code   RO         9572    i.xvEstimateKF_Update  observe_task.o
    0x08012618   0x08012618   0x000000c8   Data   RO          366    .constdata          freertos.o
    0x080126e0   0x080126e0   0x00000008   Data   RO         3391    .constdata          stm32h7xx_hal_dma.o
    0x080126e8   0x080126e8   0x0000005c   Data   RO         5734    .constdata          stm32h7xx_hal_fdcan.o
    0x08012744   0x08012744   0x00000018   Data   RO         6656    .constdata          stm32h7xx_hal_uart.o
    0x0801275c   0x0801275c   0x00000010   Data   RO         7027    .constdata          stm32h7xx_hal_uart_ex.o
    0x0801276c   0x0801276c   0x00000010   Data   RO         7136    .constdata          system_stm32h7xx.o
    0x0801277c   0x0801277c   0x0000000c   Data   RO         9438    .constdata          chassisl_task.o
    0x08012788   0x08012788   0x00000030   Data   RO         9506    .constdata          chassisr_task.o
    0x080127b8   0x080127b8   0x00000010   Data   RO         9575    .constdata          observe_task.o
    0x080127c8   0x080127c8   0x00000004   Data   RO         9995    .constdata          vofa_task.o
    0x080127cc   0x080127cc   0x00000084   Data   RO          367    .conststring        freertos.o
    0x08012850   0x08012850   0x00000804   Data   RO        11456    .rodata.sinTable_f32  arm_cortexM7lfdp_math.lib(arm_common_tables.o)
    0x08013054   0x08013054   0x00000020   Data   RO        11642    Region$$Table       anon$$obj.o


    Execution Region RW_IRAM1 (Exec base: 0x20000000, Load base: 0x08013074, Size: 0x00000000, Max: 0x00020000, ABSOLUTE)

    **** No section assigned to this execution region ****


    Execution Region RW_IRAM2 (Exec base: 0x24000000, Load base: 0x08013074, Size: 0x0000b8d0, Max: 0x00050000, ABSOLUTE, COMPRESSED[0x0000025c])

    Exec Addr    Load Addr    Size         Type   Attr      Idx    E Section Name        Object

    0x24000000   COMPRESSED   0x00000028   Data   RW          368    .data               freertos.o
    0x24000028   COMPRESSED   0x00000004   Data   RW          594    .data               fdcan.o
    0x2400002c   COMPRESSED   0x0000000c   Data   RW         4276    .data               stm32h7xx_hal.o
    0x24000038   COMPRESSED   0x00000008   Data   RW         7137    .data               system_stm32h7xx.o
    0x24000040   COMPRESSED   0x00000048   Data   RW         7182    .data               bmi088driver.o
    0x24000088   COMPRESSED   0x00000004   Data   RW         7267    .data               bmi088middleware.o
    0x2400008c   COMPRESSED   0x00000004   PAD
    0x24000090   COMPRESSED   0x000000e0   Data   RW         7463    .data               gim6010_drv.o
    0x24000170   COMPRESSED   0x00000018   Data   RW         7695    .data               vmc_calc.o
    0x24000188   COMPRESSED   0x00000004   Data   RW         7763    .data               kalman_filter.o
    0x2400018c   COMPRESSED   0x0000003c   Data   RW         8577    .data               tasks.o
    0x240001c8   COMPRESSED   0x00000020   Data   RW         9225    .data               heap_4.o
    0x240001e8   COMPRESSED   0x0000000c   Data   RW         9293    .data               port.o
    0x240001f4   COMPRESSED   0x00000024   Data   RW         9370    .data               ins_task.o
    0x24000218   COMPRESSED   0x0000003c   Data   RW         9439    .data               chassisl_task.o
    0x24000254   COMPRESSED   0x00000104   Data   RW         9507    .data               chassisr_task.o
    0x24000358   COMPRESSED   0x00000060   Data   RW         9576    .data               observe_task.o
    0x240003b8   COMPRESSED   0x00000010   Data   RW         9771    .data               xbox_task.o
    0x240003c8   COMPRESSED   0x00000018   PAD
    0x240003e0   COMPRESSED   0x00000024   Data   RW         9938    .data               power_task.o
    0x24000404   COMPRESSED   0x00000010   Data   RW         9996    .data               vofa_task.o
    0x24000414   COMPRESSED   0x0000000c   Data   RW        10076    .data               ros2_task.o
    0x24000420   COMPRESSED   0x00000040   Data   RW        10156    .data               bsp_dwt.o
    0x24000460   COMPRESSED   0x00000020   Data   RW        10487    .data               usbd_desc.o
    0x24000480   COMPRESSED   0x0000003e   Data   RW        10488    .data               usbd_desc.o
    0x240004be   COMPRESSED   0x00000002   PAD
    0x240004c0   COMPRESSED   0x00000008   Data   RW        10580    .data               usbd_cdc_if.o
    0x240004c8   COMPRESSED   0x00000014   Data   RW        10581    .data               usbd_cdc_if.o
    0x240004dc   COMPRESSED   0x00000001   Data   RW        11027    .data               usbd_ctlreq.o
    0x240004dd   COMPRESSED   0x00000003   PAD
    0x240004e0   COMPRESSED   0x00000053   Data   RW        11198    .data               usbd_cdc.o
    0x24000533   COMPRESSED   0x00000001   PAD
    0x24000534   COMPRESSED   0x00000038   Data   RW        11199    .data               usbd_cdc.o
    0x2400056c   COMPRESSED   0x00000004   Data   RW        11630    .data               mc_w.l(mvars.o)
    0x24000570   COMPRESSED   0x00000004   Data   RW        11631    .data               mc_w.l(mvars.o)
    0x24000574   COMPRESSED   0x00000004   Data   RW        11635    .data               mc_w.l(errno.o)
    0x24000578        -       0x000000e8   Zero   RW          525    .bss                adc.o
    0x24000660        -       0x000001e0   Zero   RW          593    .bss                fdcan.o
    0x24000840        -       0x00000178   Zero   RW          646    .bss                spi.o
    0x240009b8        -       0x00000098   Zero   RW          690    .bss                tim.o
    0x24000a50        -       0x00000324   Zero   RW          744    .bss                usart.o
    0x24000d74        -       0x0000004c   Zero   RW          968    .bss                stm32h7xx_hal_timebase_tim.o
    0x24000dc0        -       0x0000004c   Zero   RW         7181    .bss                bmi088driver.o
    0x24000e0c        -       0x00000020   Zero   RW         7694    .bss                vmc_calc.o
    0x24000e2c        -       0x000000f0   Zero   RW         8576    .bss                tasks.o
    0x24000f1c        -       0x00007800   Zero   RW         9224    .bss                heap_4.o
    0x2400871c        -       0x0000013c   Zero   RW         9368    .bss                ins_task.o
    0x24008858        -       0x000000f8   Zero   RW         9437    .bss                chassisl_task.o
    0x24008950        -       0x00000388   Zero   RW         9505    .bss                chassisr_task.o
    0x24008cd8        -       0x00000140   Zero   RW         9573    .bss                observe_task.o
    0x24008e18        -       0x00000048   Zero   RW         9770    .bss                xbox_task.o
    0x24008e60        -       0x00000200   Zero   RW         9994    .bss                vofa_task.o
    0x24009060        -       0x000001b9   Zero   RW        10075    .bss                ros2_task.o
    0x24009219   COMPRESSED   0x00000003   PAD
    0x2400921c        -       0x000000d0   Zero   RW        10229    .bss                can_bsp.o
    0x240092ec        -       0x000002dc   Zero   RW        10442    .bss                usb_device.o
    0x240095c8        -       0x00000200   Zero   RW        10486    .bss                usbd_desc.o
    0x240097c8        -       0x00001000   Zero   RW        10579    .bss                usbd_cdc_if.o
    0x2400a7c8        -       0x00000704   Zero   RW        10666    .bss                usbd_conf.o
    0x2400aecc   COMPRESSED   0x00000004   PAD
    0x2400aed0        -       0x00000200   Zero   RW            2    HEAP                startup_stm32h723xx.o
    0x2400b0d0        -       0x00000800   Zero   RW            1    STACK               startup_stm32h723xx.o


==============================================================================

Image component sizes


      Code (inc. data)   RO Data    RW Data    ZI Data      Debug   Object Name

       304         32          0          0        232       1983   adc.o
      2614        136          0         72         76      15880   bmi088driver.o
       100         30          0          4          0       3284   bmi088middleware.o
       448         70          0         64          0       4530   bsp_dwt.o
       448         30          0          0        208       4384   can_bsp.o
      1744        186         12         60        248       7325   chassisl_task.o
      2168        228         48        260        904       7388   chassisr_task.o
        84          0          0          0          0      12807   cmsis_os.o
       582         48          0          0          0      10856   dm4310_drv.o
       140          4          0          0          0        962   dma.o
         0          0          0          0          0       5180   event_groups.o
       648         52          0          4        480       3433   fdcan.o
       336          8        332         40          0      19875   freertos.o
       676        100          0        224          0      10445   gim6010_drv.o
       304         18          0          0          0       1227   gpio.o
       480         26          0         32      30720       7639   heap_4.o
      1338         76          0         36        316       5368   ins_task.o
      2216         20          0          4          0       9243   kalman_filter.o
       138          0          0          0          0       3662   list.o
       744         16          0          0          0       6209   mahony_filter.o
       618         30          0          0          0    1367885   main.o
       508         46         16         96        320       3321   observe_task.o
       444         10          0          0          0       2558   pid.o
       702         74          0         12          0      11124   port.o
       300         46          0         36          0      38761   power_task.o
       952        100          0         12        441       9241   ros2_task.o
       408         36          0          0        376       2099   spi.o
        36          8        716          0       2560        832   startup_stm32h723xx.o
       172         36          0         12          0      23674   stm32h7xx_hal.o
      3424        268          0          0          0      82458   stm32h7xx_hal_adc.o
       304         22          0          0          0      67391   stm32h7xx_hal_adc_ex.o
       306         30          0          0          0      41036   stm32h7xx_hal_cortex.o
      6464        140          8          0          0      14538   stm32h7xx_hal_dma.o
      2838         50         92          0          0      23188   stm32h7xx_hal_fdcan.o
       546         44          0          0          0       2444   stm32h7xx_hal_gpio.o
        36          4          0          0          0        942   stm32h7xx_hal_msp.o
      2638         14          0          0          0      14312   stm32h7xx_hal_pcd.o
       116          6          0          0          0       3249   stm32h7xx_hal_pcd_ex.o
       104         10          0          0          0       1394   stm32h7xx_hal_pwr_ex.o
      2804        128          0          0          0       8721   stm32h7xx_hal_rcc.o
      5760        168          0          0          0      13751   stm32h7xx_hal_rcc_ex.o
      2190         30          0          0          0      10885   stm32h7xx_hal_spi.o
      2340        278          0          0          0      15109   stm32h7xx_hal_tim.o
       186         36          0          0          0       3360   stm32h7xx_hal_tim_ex.o
       144         18          0          0         76       1695   stm32h7xx_hal_timebase_tim.o
      4982        214         24          0          0      42756   stm32h7xx_hal_uart.o
       292          6         16          0          0       5550   stm32h7xx_hal_uart_ex.o
       192         90          0          0          0       9833   stm32h7xx_it.o
      2794        118          0          0          0      23684   stm32h7xx_ll_usb.o
       192         34         16          8          0       1422   system_stm32h7xx.o
      1444        120          0         60        240      18981   tasks.o
       420         46          0          0        152       3222   tim.o
       940         66          0          0        804       3866   usart.o
        84         18          0          0        732        792   usb_device.o
      1424         40          0        139          0      14713   usbd_cdc.o
       136         24          0         28       4096       4358   usbd_cdc_if.o
       632         24          0          0       1796      16892   usbd_conf.o
      1038          0          0          0          0      16429   usbd_core.o
      1972         22          0          1          0      18352   usbd_ctlreq.o
       358        112          0         94        512       7077   usbd_desc.o
       132          0          0          0          0       4624   usbd_ioreq.o
         0          0          0          0          0        972   user_lib.o
      2288         62          0         24         32       6818   vmc_calc.o
       520         60          4         16        512      41094   vofa_task.o
      1060        194          0         16         72       7034   xbox_task.o

    ----------------------------------------------------------------------
     70840       3962       1316       1388      45912    2154117   Object Totals
         0          0         32          0          0          0   (incl. Generated)
        88          0          0         34          7          0   (incl. Padding)

    ----------------------------------------------------------------------

      Code (inc. data)   RO Data    RW Data    ZI Data      Debug   Library Member Name

         0          0       2052          0          0       4961   arm_common_tables.o
       144         12          0          0          0       1111   arm_cos_f32.o
       190          0          0          0          0       1836   arm_mat_add_f32.o
         8          0          0          0          0        841   arm_mat_init_f32.o
       716          4          0          0          0       3547   arm_mat_inverse_f32.o
       304          4          0          0          0       2362   arm_mat_mult_f32.o
       190          0          0          0          0       1834   arm_mat_sub_f32.o
       180          0          0          0          0       1862   arm_mat_trans_f32.o
       140         12          0          0          0       1098   arm_sin_f32.o
       312         54          0          0          0        176   asinf.o
       692         98          0          0          0        208   atan2f.o
        38          0          0          0          0        116   fpclassifyf.o
        44         12          0          0          0        464   funder.o
       102          0          0          0          0        140   sqrt.o
       120          0          0          0          0        272   sqrtf.o
        86          0          0          0          0          0   __dczerorl2.o
         0          0          0          0          0          0   entry.o
         0          0          0          0          0          0   entry10a.o
         0          0          0          0          0          0   entry11a.o
         4          0          0          0          0          0   entry12b.o
         8          4          0          0          0          0   entry2.o
         4          0          0          0          0          0   entry5.o
         0          0          0          0          0          0   entry7b.o
         0          0          0          0          0          0   entry8b.o
         8          4          0          0          0          0   entry9a.o
        12          6          0          4          0         68   errno.o
        30          0          0          0          0          0   handlers.o
        36          8          0          0          0         68   init.o
         0          0          0          0          0          0   iusefp.o
        30          0          0          0          0         68   llshl.o
        32          0          0          0          0         68   llushr.o
       108         16          0          0          0         84   malloc.o
        36          0          0          0          0         68   memcpya.o
        36          0          0          0          0        108   memseta.o
         0          0          0          8          0          0   mvars.o
        14          0          0          0          0         68   strlen.o
        98          0          0          0          0         92   uldiv.o

    ----------------------------------------------------------------------
      3732        234       2052         12          0      21520   Library Totals
        10          0          0          0          0          0   (incl. Padding)

    ----------------------------------------------------------------------

      Code (inc. data)   RO Data    RW Data    ZI Data      Debug   Library Name

      1872         32       2052          0          0      19452   arm_cortexM7lfdp_math.lib
      1308        164          0          0          0       1376   m_wv.l
       542         38          0         12          0        692   mc_w.l

    ----------------------------------------------------------------------
      3732        234       2052         12          0      21520   Library Totals

    ----------------------------------------------------------------------

==============================================================================


      Code (inc. data)   RO Data    RW Data    ZI Data      Debug   

     74572       4196       3368       1400      45912    2125701   Grand Totals
     74572       4196       3368        604      45912    2125701   ELF Image Totals (compressed)
     74572       4196       3368        604          0          0   ROM Totals

==============================================================================

    Total RO  Size (Code + RO Data)                77940 (  76.11kB)
    Total RW  Size (RW Data + ZI Data)             47312 (  46.20kB)
    Total ROM Size (Code + RO Data + RW Data)      78544 (  76.70kB)

==============================================================================

